Script started on Sun 19 Apr 2015 04:20:34 PM EDT
]0;root@mitulpanchal: ~root@mitulpanchal:~# 
]0;root@mitulpanchal: ~root@mitulpanchal:~# 
]0;root@mitulpanchal: ~root@mitulpanchal:~# 
]0;root@mitulpanchal: ~root@mitulpanchal:~# 
]0;root@mitulpanchal: ~root@mitulpanchal:~# exitadb shellsudo bashadb shell
shell@m7:/ $ 
shell@m7:/ $ 
shell@m7:/ $ logcat      
shell@m7:/ $ 
shell@m7:/ $ 
shell@m7:/ $ logcat      top -m 10



User 3%, System 10%, IOW 1%, IRQ 0%
User 7 + Nice 3 + Sys 31 + Idle 257 + IOW 4 + IRQ 0 + SIRQ 0 = 302

  PID PR CPU% S  #THR     VSS     RSS PCY UID      Name
  719  0   5% S    96 1073100K 121320K  fg system   system_server
28387  0   3% R     1   1452K    492K     shell    top
  182  0   1% S     1      0K      0K     root     dhd_dpc
  255  0   1% S     7   7368K    312K     root     /system/bin/mpdecision
10277  0   1% S     1      0K      0K     root     kworker/0:0
 9949  0   0% S   126 1280008K 159116K  bg u0_a54   com.facebook.katana
19410  0   0% S     1      0K      0K     root     kworker/u:36
  168  0   0% S     1      0K      0K     root     mmcqd/0
32724  0   0% S    62 1013212K  73852K  bg u0_a9    com.cleanmaster.mguard:service
  179  0   0% S     1      0K      0K     root     wl_event_handle
q^C
130|shell@m7:/ $ 
130|shell@m7:/ $ 
130|shell@m7:/ $ 
130|shell@m7:/ $ 
130|shell@m7:/ $ 
130|shell@m7:/ $ 
130|shell@m7:/ $ 
130|shell@m7:/ $ 
130|shell@m7:/ $ 
130|shell@m7:/ $ 
130|shell@m7:/ $ 130|shell@m7:/ $ top -m 10                                                     



User 10%, System 9%, IOW 3%, IRQ 0%
User 44 + Nice 0 + Sys 40 + Idle 302 + IOW 15 + IRQ 0 + SIRQ 1 = 402

  PID PR CPU% S  #THR     VSS     RSS PCY UID      Name
20698  0   5% S    32 1012084K  68444K  fg u0_a42   com.google.process.gapps
  719  0   4% S    96 1073100K 120888K  fg system   system_server
28215  0   3% D    27 987584K  61892K  bg u0_a188  com.google.android.googlequicksearchbox:search
29242  2   1% R     1   1440K    492K     shell    top
  255  0   1% S     7   7368K    312K     root     /system/bin/mpdecision
  182  0   0% S     1      0K      0K     root     dhd_dpc
25795  0   0% S     1   3772K   1616K     wifi     /system/bin/wpa_supplicant
28284  2   0% S    11 932260K  48400K  bg u0_a39   com.htc.bgp
  168  3   0% D     1      0K      0K     root     mmcqd/0
18905  0   0% S     1      0K      0K     root     kworker/0:2



User 34%, System 14%, IOW 19%, IRQ 0%
User 198 + Nice 85 + Sys 119 + Idle 263 + IOW 158 + IRQ 0 + SIRQ 3 = 826

  PID PR CPU% S  #THR     VSS     RSS PCY UID      Name
  719  3  10% S    96 1073100K 120832K  fg system   system_server
28215  2   7% S    34 998256K  69616K  bg u0_a188  com.google.android.googlequicksearchbox:search
 1294  0   2% S    56 1030072K  76276K  fg u0_a42   com.google.process.location
29242  0   1% R     1   1448K    492K     shell    top
  168  0   1% S     1      0K      0K     root     mmcqd/0
32724  0   1% S    59 1010028K  74424K  bg u0_a9    com.cleanmaster.mguard:service
   80  3   1% S     1      0K      0K     root     kswapd0
20698  2   0% S    32 1012084K  68472K  fg u0_a42   com.google.process.gapps
 1307  3   0% S    77 1139208K 125980K  fg u0_a164  com.htc.launcher
  255  0   0% S     7   7368K    312K     root     /system/bin/mpdecision



User 10%, System 6%, IOW 0%, IRQ 0%
User 25 + Nice 6 + Sys 18 + Idle 233 + IOW 1 + IRQ 0 + SIRQ 0 = 283

  PID PR CPU% S  #THR     VSS     RSS PCY UID      Name
  719  3   7% S    96 1073100K 120832K  fg system   system_server
29242  0   4% R     1   1448K    492K     shell    top
 1294  0   3% S    55 1029032K  76568K  fg u0_a42   com.google.process.location
19410  0   2% S     1      0K      0K     root     kworker/u:36
  255  0   1% S     7   7368K    312K     root     /system/bin/mpdecision
19389  0   1% S     1      0K      0K     root     kworker/u:15
18905  0   1% S     1      0K      0K     root     kworker/0:2
28215  0   0% S    34 998256K  69616K  bg u0_a188  com.google.android.googlequicksearchbox:search
20698  0   0% S    32 1012084K  68452K  fg u0_a42   com.google.process.gapps
  317  0   0% S     1   1208K    476K  bg root     /system/bin/htc_ebdlogd



User 13%, System 7%, IOW 0%, IRQ 0%
User 44 + Nice 2 + Sys 26 + Idle 258 + IOW 1 + IRQ 0 + SIRQ 1 = 332

  PID PR CPU% S  #THR     VSS     RSS PCY UID      Name
  719  0   9% S    96 1073100K 120476K  fg system   system_server
29277  3   5% S    71 1029988K  69608K  bg u0_a198  com.google.android.youtube
29242  0   3% R     1   1448K    492K     shell    top
  255  0   1% S     7   7368K    312K     root     /system/bin/mpdecision
20698  0   0% S    32 1012084K  68696K  fg u0_a42   com.google.process.gapps
10277  0   0% S     1      0K      0K     root     kworker/0:0
  168  0   0% S     1      0K      0K     root     mmcqd/0
18905  0   0% S     1      0K      0K     root     kworker/0:2
32724  0   0% S    59 1010028K  74424K  bg u0_a9    com.cleanmaster.mguard:service
  317  0   0% R     1   1208K    476K  bg root     /system/bin/htc_ebdlogd



User 4%, System 7%, IOW 0%, IRQ 0%
User 14 + Nice 0 + Sys 23 + Idle 274 + IOW 1 + IRQ 0 + SIRQ 0 = 312

  PID PR CPU% S  #THR     VSS     RSS PCY UID      Name
29242  0   4% R     1   1448K    492K     shell    top
29277  0   3% S    70 1028964K  70496K  bg u0_a198  com.google.android.youtube
  719  0   2% S    96 1073100K 120476K  fg system   system_server
19389  0   0% S     1      0K      0K     root     kworker/u:15
10277  0   0% S     1      0K      0K     root     kworker/0:0
  255  0   0% S     7   7368K    312K     root     /system/bin/mpdecision
18905  0   0% S     1      0K      0K     root     kworker/0:2
28756  0   0% S     1      0K      0K     root     kworker/u:0
    3  0   0% S     1      0K      0K     root     ksoftirqd/0
 1075  0   0% S    40 1125320K 104812K  fg u0_a208  com.android.systemui
^C
130|shell@m7:/ $ 
130|shell@m7:/ $ 
130|shell@m7:/ $ vmaa  st130|shell@m7:/ $ vmstat                                                         1
Invalid argument "1".
Usage: vmstat [ -h ] [ -n iterations ] [ -d delay ] [ -r header_repeat ]
    -n iterations     How many rows of data to print.
    -d delay          How long to sleep between rows.
    -r header_repeat  How many rows to print before repeating
                      the header.  Zero means never repeat.
    -h                Displays this help screen.
1|shell@m7:/ $ 1|shell@m7:/ $ vmstat 1                                                        1  
procs  memory                       system          cpu              
 r  b    free mapped   anon   slab    in   cs  flt  us ni sy id wa ir
 1  0  128888 175760 1140620  55524    76  190    0   2  3  6 86  3  0
 0  0  128904 175764 1140592  55524    33   93    0   0  0  1 98  0  0
 1  0  128904 175764 1140592  55524    35   96    0   0  0  0 97  0  0
 0  0  128904 175764 1140592  55524    62  130    0   0  0  2 92  4  0
 0  0  128904 175764 1140592  55524    41  109    0   0  0  1 97  0  0
 2  0  128904 175764 1140592  55524    80  152    0   0  0  1 94  3  0
 0  0  127872 175856 1140632  55524   969 2190    4   8 56 13 58  7  0
 0  0  128900 175856 1140668  55456   142  245    0   0  0  1 99  0  0
 1  0  128900 175856 1140668  55456    38  137    0   1  0  1 96  0  0
 4  0  128900 175856 1140684  55456   145  309    0   2  0  2 88  3  0
 1  0  131136 174840 1138292  55456   207  640    1   3  6 14 69  3  0
 0  0  131136 174840 1138296  55456    45  100    0  10  0  7 83  0  0
 0  0  131136 174840 1138264  55456    32   92    0   0  0  1 97  0  0
 1  2  130392 174904 1138264  55456  1049 1333   11  10  3 13 83  2  0
^C
130|shell@m7:/ $ 
130|shell@m7:/ $ 
130|shell@m7:/ $ 130|shell@m7:/ $ vmstat                                                        130|shell@m7:/ $ vmstat 1                                                      130|shell@m7:/ $ top -m 10                                                              logcat -n   b main OsmAnd,MITUL:V *:S
I/OsmAnd  ( 1887): OsmAnd Dump
I/OsmAnd  ( 1887): SUCCESS: Logfile saved to /data/data/com.devicedump/files/OsmAnd.log
I/OsmAnd  ( 1887): OsmAnd Dump
I/OsmAnd  ( 1887): SUCCESS: Logfile saved to /data/data/com.devicedump/files/OsmAnd.log
I/OsmAnd  ( 1887): VoiceRouter:updateStatus: playMakeTurn 
I/OsmAnd  ( 1887): VoiceRouter:updateStatus: playMakeTurn null
^C
130|shell@m7:/ $ 130|shell@m7:/ $ logcat -b main OsmAnd,MITUL:V *:S                             
I/MITUL   ( 4990): BluetoothModule: startModule
I/MITUL   ( 4990): MainActivity:onStart:UUID generated
I/MITUL   ( 4990): BluetoothModule: startModule: getDefaultAdapter success
I/MITUL   ( 4990): MainActivity:onStart: BT turned ON
I/MITUL   ( 4990): 00:1E:0A:00:00:39
I/MITUL   ( 4990): Address matched
I/MITUL   ( 4990): MainActivity:OnStart: bluetoothClientSocket created
I/MITUL   ( 4990): BluetoothModule: startModule: cancelDiscovery done
I/MITUL   ( 4990): MainActivity:OnStart:bluetoothClientSocket connected!!
I/MITUL   ( 4990): MAinActivity:OnStart: All set
I/MITUL   ( 4990): MAinActivity:OnStart: returning mmOutStream
I/OsmAnd  ( 4990): OsmAnd Dump
I/OsmAnd  ( 4990): SUCCESS: Logfile saved to /data/data/com.devicedump/files/OsmAnd.log
I/OsmAnd  ( 4990): OsmAnd Dump
I/OsmAnd  ( 4990): SUCCESS: Logfile saved to /data/data/com.devicedump/files/OsmAnd.log



I/MITUL   ( 6715): BluetoothModule: startModule
I/MITUL   ( 6715): MainActivity:onStart:UUID generated
I/MITUL   ( 6715): BluetoothModule: startModule: getDefaultAdapter success
I/MITUL   ( 6715): MainActivity:onStart: BT turned ON
I/MITUL   ( 6715): 00:1E:0A:00:00:39
I/MITUL   ( 6715): Address matched
I/MITUL   ( 6715): MainActivity:OnStart: bluetoothClientSocket created
I/MITUL   ( 6715): BluetoothModule: startModule: cancelDiscovery done
I/MITUL   ( 6715): MainActivity:OnStart:bluetoothClientSocket connected!!
I/MITUL   ( 6715): MAinActivity:OnStart: All set
I/MITUL   ( 6715): MAinActivity:OnStart: returning mmOutStream
I/OsmAnd  ( 6715): OsmAnd Dump
I/OsmAnd  ( 6715): SUCCESS: Logfile saved to /data/data/com.devicedump/files/OsmAnd.log

^C
130|shell@m7:/ $ 
130|shell@m7:/ $ 
130|shell@m7:/ $ 
130|shell@m7:/ $ 
130|shell@m7:/ $ vmsta130|shell@m7:/ $ vmstat                                                         1
Invalid argument "1".
Usage: vmstat [ -h ] [ -n iterations ] [ -d delay ] [ -r header_repeat ]
    -n iterations     How many rows of data to print.
    -d delay          How long to sleep between rows.
    -r header_repeat  How many rows to print before repeating
                      the header.  Zero means never repeat.
    -h                Displays this help screen.
1|shell@m7:/ $ 1|shell@m7:/ $ vmstat 1                                                          
procs  memory                       system          cpu              
 r  b    free mapped   anon   slab    in   cs  flt  us ni sy id wa ir
 0  1  102012 207960 1156796  54760  3358 6525   76  70  6 43 52 62  0
^C
130|shell@m7:/ $ 
130|shell@m7:/ $ ============++APP    AP   APPPLICAATION RUNNING ======ATION RUNNING ====== PLICATION RUNNING ====== OAPPLICATION RUNNING ======SAPPLICATION RUNNING ======MAPPLICATION RUNNING ======AAPPLICATION RUNNING ======NAPPLICATION RUNNING ======DAPPLICATION RUNNING ====== APPLICATION RUNNING ======
/system/bin/sh: ============OSMAND: not found
127|shell@m7:/ $ 
127|shell@m7:/ $ 
127|shell@m7:/ $ 
127|shell@m7:/ $ 
127|shell@m7:/ $ vmstat
procs  memory                       system          cpu              
 r  b    free mapped   anon   slab    in   cs  flt  us ni sy id wa ir
 0  0  124092 205212 1157792  54744  1528 2897    0  52  0 17 99  0  0
 1  0  123100 205336 1157972  54744  1854 3642    9  68  9 32 82  2  0
 0  0  123116 205336 1158028  54744  1834 3110    0  52  0 21 93  0  0
 0  0  122852 205336 1158072  54744  1961 3146    0  50  0 22 99  3  0
 0  0  122604 205340 1158112  54744  1660 3086    2  65  1 14 99  1  0
^C
130|shell@m7:/ $ 
130|shell@m7:/ $ 
130|shell@m7:/ $ sys   du
du        dumpstate dumpsys   
130|shell@m7:/ $ du                                                            m
dumpstate dumpsys   
130|shell@m7:/ $ dumps                                                         s y130|shell@m7:/ $ dumpsys                                                        meminfo
Applications Memory Usage (kB):
Uptime: 607444043 Realtime: 1101707041

Total PSS by process:
   132052 kB: mediaserver (pid 268)
   118883 kB: com.htc.launcher (pid 1307 / activities)
    87680 kB: net.osmand.plus (pid 6715 / activities)
    67809 kB: system (pid 719)
    58369 kB: com.android.systemui (pid 1075)
    46646 kB: android.process.media (pid 23730)
    44545 kB: com.facebook.katana (pid 31761)
    35852 kB: memlock (pid 278)
    35196 kB: com.avast.android.mobilesecurity (pid 12921)
    35082 kB: com.google.android.gms (pid 11047)
    32270 kB: com.google.android.apps.plus (pid 5623)
    30532 kB: com.google.process.location (pid 1294)
    30213 kB: com.facebook.orca (pid 30951)
    29464 kB: com.cleanmaster.mguard:service (pid 32724)
    26835 kB: com.htc.htcdialer (pid 31652)
    24654 kB: com.cleanmaster.security:DefendService (pid 5146)
    24588 kB: com.android.phone (pid 1223 / activities)
    24479 kB: com.twitter.android (pid 6984)
    22954 kB: com.google.process.gapps (pid 20698)
    22454 kB: com.whatsapp (pid 31534)
    21852 kB: android.process.acore (pid 13532)
    21673 kB: com.htc.sense.ime (pid 1206)
    21450 kB: com.cleanmaster.mguard (pid 7341)
    17780 kB: com.android.vending (pid 20316)
    16424 kB: com.htc.sense.hsp (pid 11573)
    16384 kB: com.shazam.android (pid 7307)
    15896 kB: com.google.android.apps.maps (pid 7095)
    14944 kB: com.google.android.talk (pid 7173)
    12850 kB: com.pandora.android (pid 30301)
    12317 kB: com.google.android.googlequicksearchbox:search (pid 7451)
    10752 kB: com.beatsmusic.android.client (pid 5285)
     9877 kB: com.google.android.music:main (pid 12124)
     9496 kB: com.mobstac.thehindu (pid 13104)
     9442 kB: com.skyfire.browser.toolbar.att (pid 11795)
     9401 kB: com.android.bluetooth (pid 30142)
     9344 kB: com.google.android.gms.unstable (pid 7802)
     8880 kB: com.android.settings (pid 7505)
     8692 kB: com.google.android.apps.magazines (pid 7031)
     8432 kB: com.android.nfc (pid 1244)
     8406 kB: com.wavemarket.waplauncher (pid 7151)
     7972 kB: com.synchronoss.dcs.att.r2g (pid 12282)
     7513 kB: com.transloc.android.rider:RiderService (pid 20257)
     7391 kB: com.att.android.mobile.attmessages (pid 11587)
     7152 kB: com.isis.mclient.atnt.activity (pid 1353)
     7074 kB: tm.app.worldClock (pid 7767)
     6799 kB: com.google.android.gms.wearable (pid 27331)
     6672 kB: com.wildtangent.android (pid 12344)
     6068 kB: zygote (pid 266)
     5924 kB: com.ninegag.android.app (pid 7291)
     5728 kB: org.simalliance.openmobileapi.service:remote (pid 1387)
     5675 kB: com.gaana (pid 7268)
     5456 kB: com.htc.bgp (pid 7546)
     5375 kB: com.android.chrome (pid 7217)
     4688 kB: com.transloc.android (pid 7246)
     4399 kB: com.matchboxmobile.wisp (pid 12006)
     4007 kB: com.htc.bluetooth.le.profiles (pid 30204)
     4001 kB: com.futuredial:FdbtService (pid 5452)
     3989 kB: surfaceflinger (pid 254)
     3982 kB: com.ted.android (pid 7232)
     3796 kB: netd (pid 262)
     3665 kB: com.android.settings:remote (pid 7530)
     2640 kB: rild (pid 253)
     2629 kB: com.google.android.partnersetup (pid 7485)
     2104 kB: drmserver (pid 267)
     1762 kB: sdcard (pid 313)
     1730 kB: mm-qcamera-daemon (pid 312)
     1142 kB: pnpmgr (pid 256)
     1064 kB: ks (pid 25573)
      927 kB: wpa_supplicant (pid 25795)
      828 kB: debuggerd (pid 265)
      578 kB: DxDrmServerIpc (pid 280)
      497 kB: /init (pid 1)
      471 kB: netmgrd (pid 260)
      434 kB: thermald (pid 257)
      419 kB: vold (pid 252)
      367 kB: keystore (pid 275)
      318 kB: qmuxd (pid 259)
      313 kB: dumpsys (pid 7913)
      282 kB: cand (pid 283)
      281 kB: ueventd (pid 188)
      255 kB: sh (pid 27577)
      230 kB: logcat2 (pid 706)
      229 kB: qseecomd (pid 501)
      208 kB: adbd (pid 27180)
      202 kB: installd (pid 269)
      198 kB: htc_ebdlogd (pid 317)
      194 kB: mpdecision (pid 255)
      190 kB: akmd (pid 282)
      181 kB: cryptobox_server (pid 315)
      173 kB: clockd (pid 279)
      148 kB: healthd (pid 249)
      130 kB: dumpstate (pid 276)
      130 kB: dumpstate (pid 277)
      122 kB: servicemanager (pid 251)
      112 kB: qcks (pid 258)
      102 kB: kwatchdog (pid 5206)
       99 kB: qseecomd (pid 281)
       76 kB: tpd (pid 261)
       36 kB: efsks (pid 855)

Total PSS by OOM adjustment:
   200929 kB: Native
              132052 kB: mediaserver (pid 268)
               35852 kB: memlock (pid 278)
                6068 kB: zygote (pid 266)
                3989 kB: surfaceflinger (pid 254)
                3796 kB: netd (pid 262)
                2640 kB: rild (pid 253)
                2104 kB: drmserver (pid 267)
                1762 kB: sdcard (pid 313)
                1730 kB: mm-qcamera-daemon (pid 312)
                1142 kB: pnpmgr (pid 256)
                1064 kB: ks (pid 25573)
                 927 kB: wpa_supplicant (pid 25795)
                 828 kB: debuggerd (pid 265)
                 578 kB: DxDrmServerIpc (pid 280)
                 497 kB: /init (pid 1)
                 471 kB: netmgrd (pid 260)
                 434 kB: thermald (pid 257)
                 419 kB: vold (pid 252)
                 367 kB: keystore (pid 275)
                 318 kB: qmuxd (pid 259)
                 313 kB: dumpsys (pid 7913)
                 282 kB: cand (pid 283)
                 281 kB: ueventd (pid 188)
                 255 kB: sh (pid 27577)
                 230 kB: logcat2 (pid 706)
                 229 kB: qseecomd (pid 501)
                 208 kB: adbd (pid 27180)
                 202 kB: installd (pid 269)
                 198 kB: htc_ebdlogd (pid 317)
                 194 kB: mpdecision (pid 255)
                 190 kB: akmd (pid 282)
                 181 kB: cryptobox_server (pid 315)
                 173 kB: clockd (pid 279)
                 148 kB: healthd (pid 249)
                 130 kB: dumpstate (pid 276)
                 130 kB: dumpstate (pid 277)
                 122 kB: servicemanager (pid 251)
                 112 kB: qcks (pid 258)
                 102 kB: kwatchdog (pid 5206)
                  99 kB: qseecomd (pid 281)
                  76 kB: tpd (pid 261)
                  36 kB: efsks (pid 855)
    67809 kB: System
               67809 kB: system (pid 719)
   118224 kB: Persistent
               58369 kB: com.android.systemui (pid 1075)
               26835 kB: com.htc.htcdialer (pid 31652)
               24588 kB: com.android.phone (pid 1223 / activities)
                8432 kB: com.android.nfc (pid 1244)
    87680 kB: Foreground
               87680 kB: net.osmand.plus (pid 6715 / activities)
    75767 kB: Visible
               30532 kB: com.google.process.location (pid 1294)
               22954 kB: com.google.process.gapps (pid 20698)
                9401 kB: com.android.bluetooth (pid 30142)
                7152 kB: com.isis.mclient.atnt.activity (pid 1353)
                5728 kB: org.simalliance.openmobileapi.service:remote (pid 1387)
    92973 kB: Perceptible
               46646 kB: android.process.media (pid 23730)
               24654 kB: com.cleanmaster.security:DefendService (pid 5146)
               21673 kB: com.htc.sense.ime (pid 1206)
   118883 kB: Home
              118883 kB: com.htc.launcher (pid 1307 / activities)
   136529 kB: A Services
               35196 kB: com.avast.android.mobilesecurity (pid 12921)
               35082 kB: com.google.android.gms (pid 11047)
               29464 kB: com.cleanmaster.mguard:service (pid 32724)
               16424 kB: com.htc.sense.hsp (pid 11573)
               12850 kB: com.pandora.android (pid 30301)
                7513 kB: com.transloc.android.rider:RiderService (pid 20257)
   178020 kB: B Services
               44545 kB: com.facebook.katana (pid 31761)
               30213 kB: com.facebook.orca (pid 30951)
               22454 kB: com.whatsapp (pid 31534)
               10752 kB: com.beatsmusic.android.client (pid 5285)
                9877 kB: com.google.android.music:main (pid 12124)
                9496 kB: com.mobstac.thehindu (pid 13104)
                9442 kB: com.skyfire.browser.toolbar.att (pid 11795)
                7972 kB: com.synchronoss.dcs.att.r2g (pid 12282)
                7391 kB: com.att.android.mobile.attmessages (pid 11587)
                6799 kB: com.google.android.gms.wearable (pid 27331)
                6672 kB: com.wildtangent.android (pid 12344)
                4399 kB: com.matchboxmobile.wisp (pid 12006)
                4007 kB: com.htc.bluetooth.le.profiles (pid 30204)
                4001 kB: com.futuredial:FdbtService (pid 5452)
   257162 kB: Cached
               32270 kB: com.google.android.apps.plus (pid 5623)
               24479 kB: com.twitter.android (pid 6984)
               21852 kB: android.process.acore (pid 13532)
               21450 kB: com.cleanmaster.mguard (pid 7341)
               17780 kB: com.android.vending (pid 20316)
               16384 kB: com.shazam.android (pid 7307)
               15896 kB: com.google.android.apps.maps (pid 7095)
               14944 kB: com.google.android.talk (pid 7173)
               12317 kB: com.google.android.googlequicksearchbox:search (pid 7451)
                9344 kB: com.google.android.gms.unstable (pid 7802)
                8880 kB: com.android.settings (pid 7505)
                8692 kB: com.google.android.apps.magazines (pid 7031)
                8406 kB: com.wavemarket.waplauncher (pid 7151)
                7074 kB: tm.app.worldClock (pid 7767)
                5924 kB: com.ninegag.android.app (pid 7291)
                5675 kB: com.gaana (pid 7268)
                5456 kB: com.htc.bgp (pid 7546)
                5375 kB: com.android.chrome (pid 7217)
                4688 kB: com.transloc.android (pid 7246)
                3982 kB: com.ted.android (pid 7232)
                3665 kB: com.android.settings:remote (pid 7530)
                2629 kB: com.google.android.partnersetup (pid 7485)

Total PSS by category:
   437898 kB: Dalvik
   335872 kB: Unknown
   139716 kB: Dalvik Other
   131341 kB: Native
   117566 kB: .so mmap
    82642 kB: .dex mmap
    43906 kB: .apk mmap
    20270 kB: Other dev
    12528 kB: Stack
     4916 kB: Ashmem
     4467 kB: .ttf mmap
     2784 kB: Other mmap
       44 kB: Cursor
       26 kB: .jar mmap
        0 kB: code mmap
        0 kB: image mmap
        0 kB: Graphics
        0 kB: GL
        0 kB: Memtrack

Total RAM: 1824164 kB
 Free RAM: 694130 kB (257162 cached pss + 294308 cached + 142660 free)
 Used RAM: 1155014 kB (1076814 used pss + 2948 buffers + 20572 shmem + 54680 slab)
 Lost RAM: -24980 kB
   Tuning: 192 (large 512), oom 122880 kB, restore limit 40960 kB (high-end-gfx)
shell@m7:/ $ 
shell@m7:/ $ shell@m7:/ $ dumpsys meminfo                                                          cpuinfo
Load: 3.1 / 3.65 / 7.77
CPU usage from 15504ms to 7510ms ago:
  50% 719/system_server: 33% user + 16% kernel / faults: 117 minor 1 major
  38% 6715/net.osmand.plus: 36% user + 2.3% kernel / faults: 66 minor
  5.5% 254/surfaceflinger: 3.3% user + 2.1% kernel
  1.7% 282/akmd: 0% user + 1.7% kernel
  1.6% 32601/kworker/u:1: 0% user + 1.6% kernel
  1.3% 255/mpdecision: 0% user + 1.3% kernel
  1.3% 1075/com.android.systemui: 0.6% user + 0.7% kernel / faults: 4 minor
  1% 2925/kworker/0:0: 0% user + 1% kernel
  1% 30250/kworker/u:2: 0% user + 1% kernel
  0.8% 160/irq/637-2-000d: 0% user + 0.8% kernel
  0.8% 1294/com.google.process.location: 0.8% user + 0% kernel / faults: 2 minor
  0.8% 5073/kworker/u:3: 0% user + 0.8% kernel
  0.7% 706/logcat2: 0.6% user + 0.1% kernel
  0.1% 18905/kworker/0:2: 0% user + 0.1% kernel
  0.1% 182/dhd_dpc: 0% user + 0.1% kernel
  0.3% 11047/com.google.android.gms: 0.2% user + 0.1% kernel / faults: 122 minor 4 major
  0.1% 25795/wpa_supplicant: 0% user + 0% kernel
  0.2% 1223/com.android.phone: 0.2% user + 0% kernel
  0.2% 20257/com.transloc.android.rider:RiderService: 0% user + 0.2% kernel / faults: 5 minor
  0.1% 6/migration/0: 0% user + 0.1% kernel
  0.1% 168/mmcqd/0: 0% user + 0.1% kernel
  0% 253/rild: 0% user + 0% kernel / faults: 4 minor
  0.1% 259/qmuxd: 0% user + 0.1% kernel
  0% 283/cand: 0% user + 0% kernel / faults: 12 minor
  0% 6984/com.twitter.android: 0% user + 0% kernel / faults: 2 minor
  0.1% 11795/com.skyfire.browser.toolbar.att: 0.1% user + 0% kernel / faults: 29 minor
  0.1% 27180/adbd: 0% user + 0.1% kernel
  0% 27577/sh: 0% user + 0% kernel / faults: 58 minor
  0.1% 32724/com.cleanmaster.mguard:service: 0.1% user + 0% kernel
 +0% 7896/migration/3: 0% user + 0% kernel
 +0% 7897/kworker/3:0: 0% user + 0% kernel
 +0% 7898/ksoftirqd/3: 0% user + 0% kernel
 +0% 7903/kworker/3:1: 0% user + 0% kernel
 +0% 7913/dumpsys: 0% user + 0% kernel
 +0% 7921/kworker/3:2: 0% user + 0% kernel
58% TOTAL: 41% user + 15% kernel + 0.5% iowait + 0.3% softirq
shell@m7:/ $ 
shell@m7:/ $ 
shell@m7:/ $ 
shell@m7:/ $ 
shell@m7:/ $ 
shell@m7:/ $ shell@m7:/ $ dumpsys cpuinfo                                                   
Load: 3.1 / 3.65 / 7.77
CPU usage from 18003ms to 10009ms ago:
  50% 719/system_server: 33% user + 16% kernel / faults: 117 minor 1 major
  38% 6715/net.osmand.plus: 36% user + 2.3% kernel / faults: 66 minor
  5.5% 254/surfaceflinger: 3.3% user + 2.1% kernel
  1.7% 282/akmd: 0% user + 1.7% kernel
  1.6% 32601/kworker/u:1: 0% user + 1.6% kernel
  1.3% 255/mpdecision: 0% user + 1.3% kernel
  1.3% 1075/com.android.systemui: 0.6% user + 0.7% kernel / faults: 4 minor
  1% 2925/kworker/0:0: 0% user + 1% kernel
  1% 30250/kworker/u:2: 0% user + 1% kernel
  0.8% 160/irq/637-2-000d: 0% user + 0.8% kernel
  0.8% 1294/com.google.process.location: 0.8% user + 0% kernel / faults: 2 minor
  0.8% 5073/kworker/u:3: 0% user + 0.8% kernel
  0.7% 706/logcat2: 0.6% user + 0.1% kernel
  0.1% 18905/kworker/0:2: 0% user + 0.1% kernel
  0.1% 182/dhd_dpc: 0% user + 0.1% kernel
  0.3% 11047/com.google.android.gms: 0.2% user + 0.1% kernel / faults: 122 minor 4 major
  0.1% 25795/wpa_supplicant: 0% user + 0% kernel
  0.2% 1223/com.android.phone: 0.2% user + 0% kernel
  0.2% 20257/com.transloc.android.rider:RiderService: 0% user + 0.2% kernel / faults: 5 minor
  0.1% 6/migration/0: 0% user + 0.1% kernel
  0.1% 168/mmcqd/0: 0% user + 0.1% kernel
  0% 253/rild: 0% user + 0% kernel / faults: 4 minor
  0.1% 259/qmuxd: 0% user + 0.1% kernel
  0% 283/cand: 0% user + 0% kernel / faults: 12 minor
  0% 6984/com.twitter.android: 0% user + 0% kernel / faults: 2 minor
  0.1% 11795/com.skyfire.browser.toolbar.att: 0.1% user + 0% kernel / faults: 29 minor
  0.1% 27180/adbd: 0% user + 0.1% kernel
  0% 27577/sh: 0% user + 0% kernel / faults: 58 minor
  0.1% 32724/com.cleanmaster.mguard:service: 0.1% user + 0% kernel
 +0% 7896/migration/3: 0% user + 0% kernel
 +0% 7897/kworker/3:0: 0% user + 0% kernel
 +0% 7898/ksoftirqd/3: 0% user + 0% kernel
 +0% 7903/kworker/3:1: 0% user + 0% kernel
 +0% 7913/dumpsys: 0% user + 0% kernel
 +0% 7921/kworker/3:2: 0% user + 0% kernel
58% TOTAL: 41% user + 15% kernel + 0.5% iowait + 0.3% softirq
shell@m7:/ $ 
shell@m7:/ $ 
shell@m7:/ $ 
shell@m7:/ $ shell@m7:/ $ dumpsys cpuinfo                                                   
Load: 3.1 / 3.65 / 7.77
CPU usage from 19545ms to 11551ms ago:
  50% 719/system_server: 33% user + 16% kernel / faults: 117 minor 1 major
  38% 6715/net.osmand.plus: 36% user + 2.3% kernel / faults: 66 minor
  5.5% 254/surfaceflinger: 3.3% user + 2.1% kernel
  1.7% 282/akmd: 0% user + 1.7% kernel
  1.6% 32601/kworker/u:1: 0% user + 1.6% kernel
  1.3% 255/mpdecision: 0% user + 1.3% kernel
  1.3% 1075/com.android.systemui: 0.6% user + 0.7% kernel / faults: 4 minor
  1% 2925/kworker/0:0: 0% user + 1% kernel
  1% 30250/kworker/u:2: 0% user + 1% kernel
  0.8% 160/irq/637-2-000d: 0% user + 0.8% kernel
  0.8% 1294/com.google.process.location: 0.8% user + 0% kernel / faults: 2 minor
  0.8% 5073/kworker/u:3: 0% user + 0.8% kernel
  0.7% 706/logcat2: 0.6% user + 0.1% kernel
  0.1% 18905/kworker/0:2: 0% user + 0.1% kernel
  0.1% 182/dhd_dpc: 0% user + 0.1% kernel
  0.3% 11047/com.google.android.gms: 0.2% user + 0.1% kernel / faults: 122 minor 4 major
  0.1% 25795/wpa_supplicant: 0% user + 0% kernel
  0.2% 1223/com.android.phone: 0.2% user + 0% kernel
  0.2% 20257/com.transloc.android.rider:RiderService: 0% user + 0.2% kernel / faults: 5 minor
  0.1% 6/migration/0: 0% user + 0.1% kernel
  0.1% 168/mmcqd/0: 0% user + 0.1% kernel
  0% 253/rild: 0% user + 0% kernel / faults: 4 minor
  0.1% 259/qmuxd: 0% user + 0.1% kernel
  0% 283/cand: 0% user + 0% kernel / faults: 12 minor
  0% 6984/com.twitter.android: 0% user + 0% kernel / faults: 2 minor
  0.1% 11795/com.skyfire.browser.toolbar.att: 0.1% user + 0% kernel / faults: 29 minor
  0.1% 27180/adbd: 0% user + 0.1% kernel
  0% 27577/sh: 0% user + 0% kernel / faults: 58 minor
  0.1% 32724/com.cleanmaster.mguard:service: 0.1% user + 0% kernel
 +0% 7896/migration/3: 0% user + 0% kernel
 +0% 7897/kworker/3:0: 0% user + 0% kernel
 +0% 7898/ksoftirqd/3: 0% user + 0% kernel
 +0% 7903/kworker/3:1: 0% user + 0% kernel
 +0% 7913/dumpsys: 0% user + 0% kernel
 +0% 7921/kworker/3:2: 0% user + 0% kernel
58% TOTAL: 41% user + 15% kernel + 0.5% iowait + 0.3% softirq
shell@m7:/ $ 
shell@m7:/ $ 
shell@m7:/ $ 
shell@m7:/ $ 
shell@m7:/ $ shell@m7:/ $ dumpsys cpuinfo                                                   shell@m7:/ $ dumpsys meminfo                                                   shell@m7:/ $ vmstat                                                            shell@m7:/ $ dumpsys meminfo                                                   
Applications Memory Usage (kB):
Uptime: 607462137 Realtime: 1101725135

Total PSS by process:
   132052 kB: mediaserver (pid 268)
   119011 kB: com.htc.launcher (pid 1307 / activities)
    86748 kB: net.osmand.plus (pid 6715 / activities)
    67881 kB: system (pid 719)
    58369 kB: com.android.systemui (pid 1075)
    46646 kB: android.process.media (pid 23730)
    44545 kB: com.facebook.katana (pid 31761)
    35852 kB: memlock (pid 278)
    35352 kB: com.avast.android.mobilesecurity (pid 12921)
    35210 kB: com.google.android.gms (pid 11047)
    32270 kB: com.google.android.apps.plus (pid 5623)
    30589 kB: com.google.process.location (pid 1294)
    30213 kB: com.facebook.orca (pid 30951)
    29466 kB: com.cleanmaster.mguard:service (pid 32724)
    26835 kB: com.htc.htcdialer (pid 31652)
    24654 kB: com.cleanmaster.security:DefendService (pid 5146)
    24596 kB: com.android.phone (pid 1223 / activities)
    24479 kB: com.twitter.android (pid 6984)
    22954 kB: com.google.process.gapps (pid 20698)
    22454 kB: com.whatsapp (pid 31534)
    21852 kB: android.process.acore (pid 13532)
    21673 kB: com.htc.sense.ime (pid 1206)
    21450 kB: com.cleanmaster.mguard (pid 7341)
    17780 kB: com.android.vending (pid 20316)
    16444 kB: com.htc.sense.hsp (pid 11573)
    16384 kB: com.shazam.android (pid 7307)
    15898 kB: com.google.android.apps.maps (pid 7095)
    14944 kB: com.google.android.talk (pid 7173)
    12850 kB: com.pandora.android (pid 30301)
    12317 kB: com.google.android.googlequicksearchbox:search (pid 7451)
    10752 kB: com.beatsmusic.android.client (pid 5285)
     9877 kB: com.google.android.music:main (pid 12124)
     9782 kB: com.skyfire.browser.toolbar.att (pid 11795)
     9496 kB: com.mobstac.thehindu (pid 13104)
     9409 kB: com.android.bluetooth (pid 30142)
     9344 kB: com.google.android.gms.unstable (pid 7802)
     8880 kB: com.android.settings (pid 7505)
     8692 kB: com.google.android.apps.magazines (pid 7031)
     8440 kB: com.android.nfc (pid 1244)
     8406 kB: com.wavemarket.waplauncher (pid 7151)
     7972 kB: com.synchronoss.dcs.att.r2g (pid 12282)
     7545 kB: com.transloc.android.rider:RiderService (pid 20257)
     7391 kB: com.att.android.mobile.attmessages (pid 11587)
     7152 kB: com.isis.mclient.atnt.activity (pid 1353)
     7072 kB: tm.app.worldClock (pid 7767)
     6799 kB: com.google.android.gms.wearable (pid 27331)
     6672 kB: com.wildtangent.android (pid 12344)
     6068 kB: zygote (pid 266)
     5924 kB: com.ninegag.android.app (pid 7291)
     5728 kB: org.simalliance.openmobileapi.service:remote (pid 1387)
     5675 kB: com.gaana (pid 7268)
     5456 kB: com.htc.bgp (pid 7546)
     5375 kB: com.android.chrome (pid 7217)
     4688 kB: com.transloc.android (pid 7246)
     4399 kB: com.matchboxmobile.wisp (pid 12006)
     4007 kB: com.htc.bluetooth.le.profiles (pid 30204)
     4001 kB: com.futuredial:FdbtService (pid 5452)
     3989 kB: surfaceflinger (pid 254)
     3982 kB: com.ted.android (pid 7232)
     3796 kB: netd (pid 262)
     3665 kB: com.android.settings:remote (pid 7530)
     2640 kB: rild (pid 253)
     2629 kB: com.google.android.partnersetup (pid 7485)
     2104 kB: drmserver (pid 267)
     1762 kB: sdcard (pid 313)
     1730 kB: mm-qcamera-daemon (pid 312)
     1142 kB: pnpmgr (pid 256)
     1064 kB: ks (pid 25573)
      927 kB: wpa_supplicant (pid 25795)
      828 kB: debuggerd (pid 265)
      578 kB: DxDrmServerIpc (pid 280)
      497 kB: /init (pid 1)
      471 kB: netmgrd (pid 260)
      434 kB: thermald (pid 257)
      419 kB: vold (pid 252)
      367 kB: keystore (pid 275)
      318 kB: qmuxd (pid 259)
      313 kB: dumpsys (pid 8019)
      282 kB: cand (pid 283)
      281 kB: ueventd (pid 188)
      255 kB: sh (pid 27577)
      230 kB: logcat2 (pid 706)
      229 kB: qseecomd (pid 501)
      208 kB: adbd (pid 27180)
      202 kB: installd (pid 269)
      198 kB: htc_ebdlogd (pid 317)
      194 kB: mpdecision (pid 255)
      190 kB: akmd (pid 282)
      181 kB: cryptobox_server (pid 315)
      173 kB: clockd (pid 279)
      148 kB: healthd (pid 249)
      130 kB: dumpstate (pid 276)
      130 kB: dumpstate (pid 277)
      122 kB: servicemanager (pid 251)
      112 kB: qcks (pid 258)
      102 kB: kwatchdog (pid 5206)
       99 kB: qseecomd (pid 281)
       76 kB: tpd (pid 261)
       36 kB: efsks (pid 855)

Total PSS by OOM adjustment:
   200929 kB: Native
              132052 kB: mediaserver (pid 268)
               35852 kB: memlock (pid 278)
                6068 kB: zygote (pid 266)
                3989 kB: surfaceflinger (pid 254)
                3796 kB: netd (pid 262)
                2640 kB: rild (pid 253)
                2104 kB: drmserver (pid 267)
                1762 kB: sdcard (pid 313)
                1730 kB: mm-qcamera-daemon (pid 312)
                1142 kB: pnpmgr (pid 256)
                1064 kB: ks (pid 25573)
                 927 kB: wpa_supplicant (pid 25795)
                 828 kB: debuggerd (pid 265)
                 578 kB: DxDrmServerIpc (pid 280)
                 497 kB: /init (pid 1)
                 471 kB: netmgrd (pid 260)
                 434 kB: thermald (pid 257)
                 419 kB: vold (pid 252)
                 367 kB: keystore (pid 275)
                 318 kB: qmuxd (pid 259)
                 313 kB: dumpsys (pid 8019)
                 282 kB: cand (pid 283)
                 281 kB: ueventd (pid 188)
                 255 kB: sh (pid 27577)
                 230 kB: logcat2 (pid 706)
                 229 kB: qseecomd (pid 501)
                 208 kB: adbd (pid 27180)
                 202 kB: installd (pid 269)
                 198 kB: htc_ebdlogd (pid 317)
                 194 kB: mpdecision (pid 255)
                 190 kB: akmd (pid 282)
                 181 kB: cryptobox_server (pid 315)
                 173 kB: clockd (pid 279)
                 148 kB: healthd (pid 249)
                 130 kB: dumpstate (pid 276)
                 130 kB: dumpstate (pid 277)
                 122 kB: servicemanager (pid 251)
                 112 kB: qcks (pid 258)
                 102 kB: kwatchdog (pid 5206)
                  99 kB: qseecomd (pid 281)
                  76 kB: tpd (pid 261)
                  36 kB: efsks (pid 855)
    67881 kB: System
               67881 kB: system (pid 719)
   118240 kB: Persistent
               58369 kB: com.android.systemui (pid 1075)
               26835 kB: com.htc.htcdialer (pid 31652)
               24596 kB: com.android.phone (pid 1223 / activities)
                8440 kB: com.android.nfc (pid 1244)
    86748 kB: Foreground
               86748 kB: net.osmand.plus (pid 6715 / activities)
    75832 kB: Visible
               30589 kB: com.google.process.location (pid 1294)
               22954 kB: com.google.process.gapps (pid 20698)
                9409 kB: com.android.bluetooth (pid 30142)
                7152 kB: com.isis.mclient.atnt.activity (pid 1353)
                5728 kB: org.simalliance.openmobileapi.service:remote (pid 1387)
    92973 kB: Perceptible
               46646 kB: android.process.media (pid 23730)
               24654 kB: com.cleanmaster.security:DefendService (pid 5146)
               21673 kB: com.htc.sense.ime (pid 1206)
   119011 kB: Home
              119011 kB: com.htc.launcher (pid 1307 / activities)
   136867 kB: A Services
               35352 kB: com.avast.android.mobilesecurity (pid 12921)
               35210 kB: com.google.android.gms (pid 11047)
               29466 kB: com.cleanmaster.mguard:service (pid 32724)
               16444 kB: com.htc.sense.hsp (pid 11573)
               12850 kB: com.pandora.android (pid 30301)
                7545 kB: com.transloc.android.rider:RiderService (pid 20257)
   178360 kB: B Services
               44545 kB: com.facebook.katana (pid 31761)
               30213 kB: com.facebook.orca (pid 30951)
               22454 kB: com.whatsapp (pid 31534)
               10752 kB: com.beatsmusic.android.client (pid 5285)
                9877 kB: com.google.android.music:main (pid 12124)
                9782 kB: com.skyfire.browser.toolbar.att (pid 11795)
                9496 kB: com.mobstac.thehindu (pid 13104)
                7972 kB: com.synchronoss.dcs.att.r2g (pid 12282)
                7391 kB: com.att.android.mobile.attmessages (pid 11587)
                6799 kB: com.google.android.gms.wearable (pid 27331)
                6672 kB: com.wildtangent.android (pid 12344)
                4399 kB: com.matchboxmobile.wisp (pid 12006)
                4007 kB: com.htc.bluetooth.le.profiles (pid 30204)
                4001 kB: com.futuredial:FdbtService (pid 5452)
   257162 kB: Cached
               32270 kB: com.google.android.apps.plus (pid 5623)
               24479 kB: com.twitter.android (pid 6984)
               21852 kB: android.process.acore (pid 13532)
               21450 kB: com.cleanmaster.mguard (pid 7341)
               17780 kB: com.android.vending (pid 20316)
               16384 kB: com.shazam.android (pid 7307)
               15898 kB: com.google.android.apps.maps (pid 7095)
               14944 kB: com.google.android.talk (pid 7173)
               12317 kB: com.google.android.googlequicksearchbox:search (pid 7451)
                9344 kB: com.google.android.gms.unstable (pid 7802)
                8880 kB: com.android.settings (pid 7505)
                8692 kB: com.google.android.apps.magazines (pid 7031)
                8406 kB: com.wavemarket.waplauncher (pid 7151)
                7072 kB: tm.app.worldClock (pid 7767)
                5924 kB: com.ninegag.android.app (pid 7291)
                5675 kB: com.gaana (pid 7268)
                5456 kB: com.htc.bgp (pid 7546)
                5375 kB: com.android.chrome (pid 7217)
                4688 kB: com.transloc.android (pid 7246)
                3982 kB: com.ted.android (pid 7232)
                3665 kB: com.android.settings:remote (pid 7530)
                2629 kB: com.google.android.partnersetup (pid 7485)

Total PSS by category:
   438390 kB: Dalvik
   335188 kB: Unknown
   139720 kB: Dalvik Other
   131341 kB: Native
   117566 kB: .so mmap
    82717 kB: .dex mmap
    44042 kB: .apk mmap
    20270 kB: Other dev
    12532 kB: Stack
     4916 kB: Ashmem
     4467 kB: .ttf mmap
     2784 kB: Other mmap
       44 kB: Cursor
       26 kB: .jar mmap
        0 kB: code mmap
        0 kB: image mmap
        0 kB: Graphics
        0 kB: GL
        0 kB: Memtrack

Total RAM: 1824164 kB
 Free RAM: 693746 kB (257162 cached pss + 294964 cached + 141620 free)
 Used RAM: 1155077 kB (1076841 used pss + 2988 buffers + 20572 shmem + 54676 slab)
 Lost RAM: -24659 kB
   Tuning: 192 (large 512), oom 122880 kB, restore limit 40960 kB (high-end-gfx)
shell@m7:/ $ 
shell@m7:/ $ 
shell@m7:/ $ 
shell@m7:/ $ shell@m7:/ $ dumpsys meminfo                                                   
Applications Memory Usage (kB):
Uptime: 607467694 Realtime: 1101730692

Total PSS by process:
   132052 kB: mediaserver (pid 268)
   119011 kB: com.htc.launcher (pid 1307 / activities)
    86748 kB: net.osmand.plus (pid 6715 / activities)
    67897 kB: system (pid 719)
    58369 kB: com.android.systemui (pid 1075)
    46646 kB: android.process.media (pid 23730)
    44545 kB: com.facebook.katana (pid 31761)
    35852 kB: memlock (pid 278)
    35356 kB: com.avast.android.mobilesecurity (pid 12921)
    35210 kB: com.google.android.gms (pid 11047)
    32270 kB: com.google.android.apps.plus (pid 5623)
    30589 kB: com.google.process.location (pid 1294)
    30213 kB: com.facebook.orca (pid 30951)
    29466 kB: com.cleanmaster.mguard:service (pid 32724)
    26835 kB: com.htc.htcdialer (pid 31652)
    24654 kB: com.cleanmaster.security:DefendService (pid 5146)
    24596 kB: com.android.phone (pid 1223 / activities)
    24479 kB: com.twitter.android (pid 6984)
    22954 kB: com.google.process.gapps (pid 20698)
    22454 kB: com.whatsapp (pid 31534)
    21852 kB: android.process.acore (pid 13532)
    21673 kB: com.htc.sense.ime (pid 1206)
    21450 kB: com.cleanmaster.mguard (pid 7341)
    17780 kB: com.android.vending (pid 20316)
    16444 kB: com.htc.sense.hsp (pid 11573)
    16384 kB: com.shazam.android (pid 7307)
    15898 kB: com.google.android.apps.maps (pid 7095)
    14944 kB: com.google.android.talk (pid 7173)
    12850 kB: com.pandora.android (pid 30301)
    12317 kB: com.google.android.googlequicksearchbox:search (pid 7451)
    10752 kB: com.beatsmusic.android.client (pid 5285)
     9886 kB: com.skyfire.browser.toolbar.att (pid 11795)
     9877 kB: com.google.android.music:main (pid 12124)
     9496 kB: com.mobstac.thehindu (pid 13104)
     9409 kB: com.android.bluetooth (pid 30142)
     9344 kB: com.google.android.gms.unstable (pid 7802)
     8880 kB: com.android.settings (pid 7505)
     8692 kB: com.google.android.apps.magazines (pid 7031)
     8440 kB: com.android.nfc (pid 1244)
     8406 kB: com.wavemarket.waplauncher (pid 7151)
     7972 kB: com.synchronoss.dcs.att.r2g (pid 12282)
     7553 kB: com.transloc.android.rider:RiderService (pid 20257)
     7391 kB: com.att.android.mobile.attmessages (pid 11587)
     7152 kB: com.isis.mclient.atnt.activity (pid 1353)
     7072 kB: tm.app.worldClock (pid 7767)
     6799 kB: com.google.android.gms.wearable (pid 27331)
     6672 kB: com.wildtangent.android (pid 12344)
     6068 kB: zygote (pid 266)
     5924 kB: com.ninegag.android.app (pid 7291)
     5728 kB: org.simalliance.openmobileapi.service:remote (pid 1387)
     5675 kB: com.gaana (pid 7268)
     5456 kB: com.htc.bgp (pid 7546)
     5375 kB: com.android.chrome (pid 7217)
     4688 kB: com.transloc.android (pid 7246)
     4399 kB: com.matchboxmobile.wisp (pid 12006)
     4007 kB: com.htc.bluetooth.le.profiles (pid 30204)
     4001 kB: com.futuredial:FdbtService (pid 5452)
     3989 kB: surfaceflinger (pid 254)
     3982 kB: com.ted.android (pid 7232)
     3796 kB: netd (pid 262)
     3665 kB: com.android.settings:remote (pid 7530)
     2640 kB: rild (pid 253)
     2629 kB: com.google.android.partnersetup (pid 7485)
     2104 kB: drmserver (pid 267)
     1762 kB: sdcard (pid 313)
     1730 kB: mm-qcamera-daemon (pid 312)
     1142 kB: pnpmgr (pid 256)
     1064 kB: ks (pid 25573)
      927 kB: wpa_supplicant (pid 25795)
      828 kB: debuggerd (pid 265)
      578 kB: DxDrmServerIpc (pid 280)
      497 kB: /init (pid 1)
      471 kB: netmgrd (pid 260)
      434 kB: thermald (pid 257)
      419 kB: vold (pid 252)
      367 kB: keystore (pid 275)
      318 kB: qmuxd (pid 259)
      313 kB: dumpsys (pid 8039)
      282 kB: cand (pid 283)
      281 kB: ueventd (pid 188)
      255 kB: sh (pid 27577)
      230 kB: logcat2 (pid 706)
      229 kB: qseecomd (pid 501)
      208 kB: adbd (pid 27180)
      202 kB: installd (pid 269)
      198 kB: htc_ebdlogd (pid 317)
      194 kB: mpdecision (pid 255)
      190 kB: akmd (pid 282)
      181 kB: cryptobox_server (pid 315)
      173 kB: clockd (pid 279)
      148 kB: healthd (pid 249)
      130 kB: dumpstate (pid 276)
      130 kB: dumpstate (pid 277)
      122 kB: servicemanager (pid 251)
      112 kB: qcks (pid 258)
      102 kB: kwatchdog (pid 5206)
       99 kB: qseecomd (pid 281)
       76 kB: tpd (pid 261)
       36 kB: efsks (pid 855)

Total PSS by OOM adjustment:
   200929 kB: Native
              132052 kB: mediaserver (pid 268)
               35852 kB: memlock (pid 278)
                6068 kB: zygote (pid 266)
                3989 kB: surfaceflinger (pid 254)
                3796 kB: netd (pid 262)
                2640 kB: rild (pid 253)
                2104 kB: drmserver (pid 267)
                1762 kB: sdcard (pid 313)
                1730 kB: mm-qcamera-daemon (pid 312)
                1142 kB: pnpmgr (pid 256)
                1064 kB: ks (pid 25573)
                 927 kB: wpa_supplicant (pid 25795)
                 828 kB: debuggerd (pid 265)
                 578 kB: DxDrmServerIpc (pid 280)
                 497 kB: /init (pid 1)
                 471 kB: netmgrd (pid 260)
                 434 kB: thermald (pid 257)
                 419 kB: vold (pid 252)
                 367 kB: keystore (pid 275)
                 318 kB: qmuxd (pid 259)
                 313 kB: dumpsys (pid 8039)
                 282 kB: cand (pid 283)
                 281 kB: ueventd (pid 188)
                 255 kB: sh (pid 27577)
                 230 kB: logcat2 (pid 706)
                 229 kB: qseecomd (pid 501)
                 208 kB: adbd (pid 27180)
                 202 kB: installd (pid 269)
                 198 kB: htc_ebdlogd (pid 317)
                 194 kB: mpdecision (pid 255)
                 190 kB: akmd (pid 282)
                 181 kB: cryptobox_server (pid 315)
                 173 kB: clockd (pid 279)
                 148 kB: healthd (pid 249)
                 130 kB: dumpstate (pid 276)
                 130 kB: dumpstate (pid 277)
                 122 kB: servicemanager (pid 251)
                 112 kB: qcks (pid 258)
                 102 kB: kwatchdog (pid 5206)
                  99 kB: qseecomd (pid 281)
                  76 kB: tpd (pid 261)
                  36 kB: efsks (pid 855)
    67897 kB: System
               67897 kB: system (pid 719)
   118240 kB: Persistent
               58369 kB: com.android.systemui (pid 1075)
               26835 kB: com.htc.htcdialer (pid 31652)
               24596 kB: com.android.phone (pid 1223 / activities)
                8440 kB: com.android.nfc (pid 1244)
    86748 kB: Foreground
               86748 kB: net.osmand.plus (pid 6715 / activities)
    75832 kB: Visible
               30589 kB: com.google.process.location (pid 1294)
               22954 kB: com.google.process.gapps (pid 20698)
                9409 kB: com.android.bluetooth (pid 30142)
                7152 kB: com.isis.mclient.atnt.activity (pid 1353)
                5728 kB: org.simalliance.openmobileapi.service:remote (pid 1387)
    92973 kB: Perceptible
               46646 kB: android.process.media (pid 23730)
               24654 kB: com.cleanmaster.security:DefendService (pid 5146)
               21673 kB: com.htc.sense.ime (pid 1206)
   119011 kB: Home
              119011 kB: com.htc.launcher (pid 1307 / activities)
   136879 kB: A Services
               35356 kB: com.avast.android.mobilesecurity (pid 12921)
               35210 kB: com.google.android.gms (pid 11047)
               29466 kB: com.cleanmaster.mguard:service (pid 32724)
               16444 kB: com.htc.sense.hsp (pid 11573)
               12850 kB: com.pandora.android (pid 30301)
                7553 kB: com.transloc.android.rider:RiderService (pid 20257)
   178464 kB: B Services
               44545 kB: com.facebook.katana (pid 31761)
               30213 kB: com.facebook.orca (pid 30951)
               22454 kB: com.whatsapp (pid 31534)
               10752 kB: com.beatsmusic.android.client (pid 5285)
                9886 kB: com.skyfire.browser.toolbar.att (pid 11795)
                9877 kB: com.google.android.music:main (pid 12124)
                9496 kB: com.mobstac.thehindu (pid 13104)
                7972 kB: com.synchronoss.dcs.att.r2g (pid 12282)
                7391 kB: com.att.android.mobile.attmessages (pid 11587)
                6799 kB: com.google.android.gms.wearable (pid 27331)
                6672 kB: com.wildtangent.android (pid 12344)
                4399 kB: com.matchboxmobile.wisp (pid 12006)
                4007 kB: com.htc.bluetooth.le.profiles (pid 30204)
                4001 kB: com.futuredial:FdbtService (pid 5452)
   257162 kB: Cached
               32270 kB: com.google.android.apps.plus (pid 5623)
               24479 kB: com.twitter.android (pid 6984)
               21852 kB: android.process.acore (pid 13532)
               21450 kB: com.cleanmaster.mguard (pid 7341)
               17780 kB: com.android.vending (pid 20316)
               16384 kB: com.shazam.android (pid 7307)
               15898 kB: com.google.android.apps.maps (pid 7095)
               14944 kB: com.google.android.talk (pid 7173)
               12317 kB: com.google.android.googlequicksearchbox:search (pid 7451)
                9344 kB: com.google.android.gms.unstable (pid 7802)
                8880 kB: com.android.settings (pid 7505)
                8692 kB: com.google.android.apps.magazines (pid 7031)
                8406 kB: com.wavemarket.waplauncher (pid 7151)
                7072 kB: tm.app.worldClock (pid 7767)
                5924 kB: com.ninegag.android.app (pid 7291)
                5675 kB: com.gaana (pid 7268)
                5456 kB: com.htc.bgp (pid 7546)
                5375 kB: com.android.chrome (pid 7217)
                4688 kB: com.transloc.android (pid 7246)
                3982 kB: com.ted.android (pid 7232)
                3665 kB: com.android.settings:remote (pid 7530)
                2629 kB: com.google.android.partnersetup (pid 7485)

Total PSS by category:
   438522 kB: Dalvik
   335188 kB: Unknown
   139720 kB: Dalvik Other
   131341 kB: Native
   117566 kB: .so mmap
    82717 kB: .dex mmap
    44042 kB: .apk mmap
    20270 kB: Other dev
    12532 kB: Stack
     4916 kB: Ashmem
     4467 kB: .ttf mmap
     2784 kB: Other mmap
       44 kB: Cursor
       26 kB: .jar mmap
        0 kB: code mmap
        0 kB: image mmap
        0 kB: Graphics
        0 kB: GL
        0 kB: Memtrack

Total RAM: 1824164 kB
 Free RAM: 693550 kB (257162 cached pss + 294976 cached + 141412 free)
 Used RAM: 1155225 kB (1076973 used pss + 3004 buffers + 20572 shmem + 54676 slab)
 Lost RAM: -24611 kB
   Tuning: 192 (large 512), oom 122880 kB, restore limit 40960 kB (high-end-gfx)
shell@m7:/ $ 
shell@m7:/ $ 
shell@m7:/ $ 
shell@m7:/ $ 
shell@m7:/ $ shell@m7:/ $ dumpsys meminfo                                                          pwoer
Can't find service: pwoer
shell@m7:/ $ shell@m7:/ $ dumpsys pwoer                                                         ower
POWER MANAGER (dumpsys power)

Power Manager State:
  mDirty=0x0
  mWakefulness=Awake
  mIsPowered=true
  mPlugType=2
  mBatteryLevel=47
  mBatteryLevelWhenDreamStarted=0
  mDockState=0
  mStayOn=false
  mProximityPositive=false
  mBootCompleted=true
  mSystemReady=true
  mWakeLockSummary=0x23
  mUserActivitySummary=0x0
  mRequestWaitForNegativeProximity=false
  mSandmanScheduled=false
  mLastWakeTime=606942951 (540311 ms ago)
  mLastSleepTime=606711878 (771384 ms ago)
  mSendWakeUpFinishedNotificationWhenReady=false
  mSendGoToSleepFinishedNotificationWhenReady=false
  mLastUserActivityTime=607360855 (122407 ms ago)
  mLastUserActivityTimeNoChangeLights=607353415 (129847 ms ago)
  mDisplayReady=true
  mHoldingWakeLockSuspendBlocker=true
  mHoldingOOBESuspendBlocker=false
  mHoldingDisplaySuspendBlocker=true

Settings and Configuration:
  mWakeUpWhenPluggedOrUnpluggedConfig=false
  mSuspendWhenScreenOffDueToProximityConfig=true
  mDreamsSupportedConfig=true
  mDreamsEnabledByDefaultConfig=true
  mDreamsActivatedOnSleepByDefaultConfig=false
  mDreamsActivatedOnDockByDefaultConfig=true
  mDreamsEnabledSetting=true
  mDreamsActivateOnSleepSetting=false
  mDreamsActivateOnDockSetting=true
  mScreenOffTimeoutSetting=45000
  mMaximumScreenOffTimeoutFromDeviceAdmin=2147483647 (enforced=false)
  mStayOnWhilePluggedInSetting=0
  mScreenBrightnessSetting=255
  mScreenAutoBrightnessAdjustmentSetting=0.0
  mScreenBrightnessModeSetting=1
  mScreenBrightnessOverrideFromWindowManager=-1
  mUserActivityTimeoutOverrideFromWindowManager=-1
  mScreenTimeout_Once=-1 mScreenTimeout_Always=-1 mScreenTimeout_System=60000
  mTemporaryScreenBrightnessSettingOverride=-1
  mTemporaryScreenAutoBrightnessAdjustmentSettingOverride=NaN
  mScreenBrightnessSettingMinimum=10
  mScreenBrightnessSettingMaximum=255
  mScreenBrightnessSettingDefault=102
  mScreenAutoBrightnessPercentageSetting=3
  mScreenAutoBrightnessPercentageSettingDefault=100
  mTemporaryScreenAutoBrightnessPercentageSettingOverride=-1

Screen off timeout: 45000 ms
Screen dim duration: 7000 ms

Wake Locks: size=1
  SCREEN_BRIGHT_WAKE_LOCK        'WindowManager' ON_AFTER_RELEASE (uid=1000, pid=719, ws=WorkSource{10347})

HtcCpuCtrls: size=0
  mCpuFreqMinCount=0
  mCpuFreqMaxCount=0
  mCpuNumMinCount=0
  mCpuNumMaxCount=0

Suspend Blockers: size=5
  PowerManagerService.WakeLocks: ref count=1
  PowerManagerService.OOBE: ref count=0
  PowerManagerService.Display: ref count=1
  PowerManagerService.Broadcasts: ref count=0
  PowerManagerService.WirelessChargerDetector: ref count=0

Screen On Blocker: held=false, mNestCount=0

Display Blanker: blanked=false

Display Controller Locked State:
  mDisplayReadyLocked=true
  mPendingRequestLocked=screenState=2, useProximitySensor=false, screenBrightness=102, screenAutoBrightnessAdjustment=0.0, useAutoBrightness=true, useOverrideBrightness=false, forceScreenOn=false, screenAutoBrightnessPercentage=3, delayScreenOn=false, turnOnScreenOnce=false, blockScreenOn=false
  mPendingRequestChangedLocked=false
  mPendingWaitForNegativeProximityLocked=false
  mPendingUpdatePowerStateLocked=false

Display Controller Configuration:
  mScreenBrightnessDimConfig=10
  mScreenBrightnessRangeMinimum=10
  mScreenBrightnessRangeMaximum=255
  mUseSoftwareAutoBrightnessConfig=true
  mScreenAutoBrightnessSpline=[(0.0, 0.11764706: 0.007130125), (11.0, 0.19607843: 0.0), (41.0, 0.19607843: 0.0), (91.0, 0.31764707: 0.0020560224), (161.0, 0.43529412: 0.0017754795), (226.0, 0.5568628: 0.0015130588), (321.0, 0.6666667: 7.556114E-4), (641.0, 0.78039217: 2.6348038E-4), (1281.0, 0.8901961: 1.273767E-4), (2601.0, 1.0: 8.318479E-5)]
  mLightSensorWarmUpTimeConfig=0

Display Controller Thread State:
  mPowerRequest=screenState=2, useProximitySensor=false, screenBrightness=102, screenAutoBrightnessAdjustment=0.0, useAutoBrightness=true, useOverrideBrightness=false, forceScreenOn=false, screenAutoBrightnessPercentage=3, delayScreenOn=false, turnOnScreenOnce=false, blockScreenOn=false
  mWaitingForNegativeProximity=false
  mProximitySensor={Sensor name="CM36282 Proximity sensor", vendor="Capella Microsystems", version=1, type=8, maxRange=9.0, resolution=9.0, power=0.18, minDelay=0}
  mProximitySensorEnabled=false
  mProximityThreshold=5.0
  mProximity=Unknown
  mPendingProximity=Unknown
  mPendingProximityDebounceTime=-1 (607483271 ms ago)
  mScreenOffBecauseOfProximity=false
  mLightSensor={Sensor name="CM36282 Light sensor", vendor="Capella Microsystems", version=1, type=5, maxRange=10240.0, resolution=1.0, power=0.15, minDelay=0}
  mLightSensorEnabled=true
  mLightSensorEnableTime=606942964 (540307 ms ago)
  mAmbientLux=320.0
  mAmbientLuxValid=true
  mLastObservedLux=320.0
  mLastObservedLuxTime=606943372 (539899 ms ago)
  mRecentLightSamples=1
  mRecentShortTermAverageLux=320.0
  mRecentLongTermAverageLux=320.0
  mDebounceLuxDirection=0
  mDebounceLuxTime=606943372 (539900 ms ago)
  mScreenAutoBrightness=142
  mUsingScreenAutoBrightness=true
  mLastScreenAutoBrightnessGamma=1.0
  mTwilight.getCurrentState()={TwilightState: isNight=false, mYesterdaySunset=Apr 18, 2015 8:17:42 PM, mTodaySunrise=Apr 19, 2015 6:11:30 AM, mTodaySunset=Apr 19, 2015 8:18:36 PM, mTomorrowSunrise=Apr 20, 2015 6:10:11 AM}
  mElectronBeamOnAnimator.isStarted()=false
  mElectronBeamOffAnimator.isStarted()=false

Display Power State:
  mScreenOn=true
  mScreenBrightness=73
  mScreenReady=true
  mScreenUpdatePending=false
  mElectronBeamPrepared=false
  mElectronBeamLevel=1.0
  mElectronBeamReady=true
  mElectronBeamDrawPending=false

Photonic Modulator State:
  mPendingOn=true
  mPendingBacklight=73
  mActualOn=true
  mActualBacklight=73
  mChangeInProgress=false
  mCurrentButtonValue=0

Electron Beam State:
  mPrepared=false
  mMode=0
  mDisplayLayerStack=0
  mDisplayWidth=0
  mDisplayHeight=0
  mSurfaceVisible=false
  mSurfaceAlpha=0.0

Wireless Charger Detector State:
  mGravitySensor={Sensor name="ST Gravity", vendor="ST Group Ltd.", version=1, type=9, maxRange=9.80665, resolution=0.15328126, power=0.2, minDelay=20000}
  mPoweredWirelessly=false
  mAtRest=false
  mRestX=0.0, mRestY=0.0, mRestZ=0.0
  mDetectionInProgress=false
  mDetectionStartTime=0 (never)
  mMustUpdateRestPosition=false
  mTotalSamples=0
  mMovingSamples=0
  mFirstSampleX=0.0, mFirstSampleY=0.0, mFirstSampleZ=0.0
  mLastSampleX=0.0, mLastSampleY=0.0, mLastSampleZ=0.0
shell@m7:/ $ 
shell@m7:/ $ 
shell@m7:/ $ shell@m7:/ $ dumpsys power                                                      \ r
POWER MANAGER (dumpsys power)

Power Manager State:
  mDirty=0x0
  mWakefulness=Awake
  mIsPowered=true
  mPlugType=2
  mBatteryLevel=47
  mBatteryLevelWhenDreamStarted=0
  mDockState=0
  mStayOn=false
  mProximityPositive=false
  mBootCompleted=true
  mSystemReady=true
  mWakeLockSummary=0x23
  mUserActivitySummary=0x0
  mRequestWaitForNegativeProximity=false
  mSandmanScheduled=false
  mLastWakeTime=606942951 (542790 ms ago)
  mLastSleepTime=606711878 (773864 ms ago)
  mSendWakeUpFinishedNotificationWhenReady=false
  mSendGoToSleepFinishedNotificationWhenReady=false
  mLastUserActivityTime=607360855 (124887 ms ago)
  mLastUserActivityTimeNoChangeLights=607353415 (132327 ms ago)
  mDisplayReady=true
  mHoldingWakeLockSuspendBlocker=true
  mHoldingOOBESuspendBlocker=false
  mHoldingDisplaySuspendBlocker=true

Settings and Configuration:
  mWakeUpWhenPluggedOrUnpluggedConfig=false
  mSuspendWhenScreenOffDueToProximityConfig=true
  mDreamsSupportedConfig=true
  mDreamsEnabledByDefaultConfig=true
  mDreamsActivatedOnSleepByDefaultConfig=false
  mDreamsActivatedOnDockByDefaultConfig=true
  mDreamsEnabledSetting=true
  mDreamsActivateOnSleepSetting=false
  mDreamsActivateOnDockSetting=true
  mScreenOffTimeoutSetting=45000
  mMaximumScreenOffTimeoutFromDeviceAdmin=2147483647 (enforced=false)
  mStayOnWhilePluggedInSetting=0
  mScreenBrightnessSetting=255
  mScreenAutoBrightnessAdjustmentSetting=0.0
  mScreenBrightnessModeSetting=1
  mScreenBrightnessOverrideFromWindowManager=-1
  mUserActivityTimeoutOverrideFromWindowManager=-1
  mScreenTimeout_Once=-1 mScreenTimeout_Always=-1 mScreenTimeout_System=60000
  mTemporaryScreenBrightnessSettingOverride=-1
  mTemporaryScreenAutoBrightnessAdjustmentSettingOverride=NaN
  mScreenBrightnessSettingMinimum=10
  mScreenBrightnessSettingMaximum=255
  mScreenBrightnessSettingDefault=102
  mScreenAutoBrightnessPercentageSetting=3
  mScreenAutoBrightnessPercentageSettingDefault=100
  mTemporaryScreenAutoBrightnessPercentageSettingOverride=-1

Screen off timeout: 45000 ms
Screen dim duration: 7000 ms

Wake Locks: size=1
  SCREEN_BRIGHT_WAKE_LOCK        'WindowManager' ON_AFTER_RELEASE (uid=1000, pid=719, ws=WorkSource{10347})

HtcCpuCtrls: size=0
  mCpuFreqMinCount=0
  mCpuFreqMaxCount=0
  mCpuNumMinCount=0
  mCpuNumMaxCount=0

Suspend Blockers: size=5
  PowerManagerService.WakeLocks: ref count=1
  PowerManagerService.OOBE: ref count=0
  PowerManagerService.Display: ref count=1
  PowerManagerService.Broadcasts: ref count=0
  PowerManagerService.WirelessChargerDetector: ref count=0

Screen On Blocker: held=false, mNestCount=0

Display Blanker: blanked=false

Display Controller Locked State:
  mDisplayReadyLocked=true
  mPendingRequestLocked=screenState=2, useProximitySensor=false, screenBrightness=102, screenAutoBrightnessAdjustment=0.0, useAutoBrightness=true, useOverrideBrightness=false, forceScreenOn=false, screenAutoBrightnessPercentage=3, delayScreenOn=false, turnOnScreenOnce=false, blockScreenOn=false
  mPendingRequestChangedLocked=false
  mPendingWaitForNegativeProximityLocked=false
  mPendingUpdatePowerStateLocked=false

Display Controller Configuration:
  mScreenBrightnessDimConfig=10
  mScreenBrightnessRangeMinimum=10
  mScreenBrightnessRangeMaximum=255
  mUseSoftwareAutoBrightnessConfig=true
  mScreenAutoBrightnessSpline=[(0.0, 0.11764706: 0.007130125), (11.0, 0.19607843: 0.0), (41.0, 0.19607843: 0.0), (91.0, 0.31764707: 0.0020560224), (161.0, 0.43529412: 0.0017754795), (226.0, 0.5568628: 0.0015130588), (321.0, 0.6666667: 7.556114E-4), (641.0, 0.78039217: 2.6348038E-4), (1281.0, 0.8901961: 1.273767E-4), (2601.0, 1.0: 8.318479E-5)]
  mLightSensorWarmUpTimeConfig=0

Display Controller Thread State:
  mPowerRequest=screenState=2, useProximitySensor=false, screenBrightness=102, screenAutoBrightnessAdjustment=0.0, useAutoBrightness=true, useOverrideBrightness=false, forceScreenOn=false, screenAutoBrightnessPercentage=3, delayScreenOn=false, turnOnScreenOnce=false, blockScreenOn=false
  mWaitingForNegativeProximity=false
  mProximitySensor={Sensor name="CM36282 Proximity sensor", vendor="Capella Microsystems", version=1, type=8, maxRange=9.0, resolution=9.0, power=0.18, minDelay=0}
  mProximitySensorEnabled=false
  mProximityThreshold=5.0
  mProximity=Unknown
  mPendingProximity=Unknown
  mPendingProximityDebounceTime=-1 (607485753 ms ago)
  mScreenOffBecauseOfProximity=false
  mLightSensor={Sensor name="CM36282 Light sensor", vendor="Capella Microsystems", version=1, type=5, maxRange=10240.0, resolution=1.0, power=0.15, minDelay=0}
  mLightSensorEnabled=true
  mLightSensorEnableTime=606942964 (542789 ms ago)
  mAmbientLux=320.0
  mAmbientLuxValid=true
  mLastObservedLux=320.0
  mLastObservedLuxTime=606943372 (542381 ms ago)
  mRecentLightSamples=1
  mRecentShortTermAverageLux=320.0
  mRecentLongTermAverageLux=320.0
  mDebounceLuxDirection=0
  mDebounceLuxTime=606943372 (542381 ms ago)
  mScreenAutoBrightness=142
  mUsingScreenAutoBrightness=true
  mLastScreenAutoBrightnessGamma=1.0
  mTwilight.getCurrentState()={TwilightState: isNight=false, mYesterdaySunset=Apr 18, 2015 8:17:42 PM, mTodaySunrise=Apr 19, 2015 6:11:30 AM, mTodaySunset=Apr 19, 2015 8:18:36 PM, mTomorrowSunrise=Apr 20, 2015 6:10:11 AM}
  mElectronBeamOnAnimator.isStarted()=false
  mElectronBeamOffAnimator.isStarted()=false

Display Power State:
  mScreenOn=true
  mScreenBrightness=73
  mScreenReady=true
  mScreenUpdatePending=false
  mElectronBeamPrepared=false
  mElectronBeamLevel=1.0
  mElectronBeamReady=true
  mElectronBeamDrawPending=false

Photonic Modulator State:
  mPendingOn=true
  mPendingBacklight=73
  mActualOn=true
  mActualBacklight=73
  mChangeInProgress=false
  mCurrentButtonValue=0

Electron Beam State:
  mPrepared=false
  mMode=0
  mDisplayLayerStack=0
  mDisplayWidth=0
  mDisplayHeight=0
  mSurfaceVisible=false
  mSurfaceAlpha=0.0

Wireless Charger Detector State:
  mGravitySensor={Sensor name="ST Gravity", vendor="ST Group Ltd.", version=1, type=9, maxRange=9.80665, resolution=0.15328126, power=0.2, minDelay=20000}
  mPoweredWirelessly=false
  mAtRest=false
  mRestX=0.0, mRestY=0.0, mRestZ=0.0
  mDetectionInProgress=false
  mDetectionStartTime=0 (never)
  mMustUpdateRestPosition=false
  mTotalSamples=0
  mMovingSamples=0
  mFirstSampleX=0.0, mFirstSampleY=0.0, mFirstSampleZ=0.0
  mLastSampleX=0.0, mLastSampleY=0.0, mLastSampleZ=0.0
shell@m7:/ $ shell@m7:/ $ dumpsys power                                                     
POWER MANAGER (dumpsys power)

Power Manager State:
  mDirty=0x0
  mWakefulness=Awake
  mIsPowered=true
  mPlugType=2
  mBatteryLevel=47
  mBatteryLevelWhenDreamStarted=0
  mDockState=0
  mStayOn=false
  mProximityPositive=false
  mBootCompleted=true
  mSystemReady=true
  mWakeLockSummary=0x23
  mUserActivitySummary=0x0
  mRequestWaitForNegativeProximity=false
  mSandmanScheduled=false
  mLastWakeTime=606942951 (543595 ms ago)
  mLastSleepTime=606711878 (774668 ms ago)
  mSendWakeUpFinishedNotificationWhenReady=false
  mSendGoToSleepFinishedNotificationWhenReady=false
  mLastUserActivityTime=607360855 (125691 ms ago)
  mLastUserActivityTimeNoChangeLights=607353415 (133131 ms ago)
  mDisplayReady=true
  mHoldingWakeLockSuspendBlocker=true
  mHoldingOOBESuspendBlocker=false
  mHoldingDisplaySuspendBlocker=true

Settings and Configuration:
  mWakeUpWhenPluggedOrUnpluggedConfig=false
  mSuspendWhenScreenOffDueToProximityConfig=true
  mDreamsSupportedConfig=true
  mDreamsEnabledByDefaultConfig=true
  mDreamsActivatedOnSleepByDefaultConfig=false
  mDreamsActivatedOnDockByDefaultConfig=true
  mDreamsEnabledSetting=true
  mDreamsActivateOnSleepSetting=false
  mDreamsActivateOnDockSetting=true
  mScreenOffTimeoutSetting=45000
  mMaximumScreenOffTimeoutFromDeviceAdmin=2147483647 (enforced=false)
  mStayOnWhilePluggedInSetting=0
  mScreenBrightnessSetting=255
  mScreenAutoBrightnessAdjustmentSetting=0.0
  mScreenBrightnessModeSetting=1
  mScreenBrightnessOverrideFromWindowManager=-1
  mUserActivityTimeoutOverrideFromWindowManager=-1
  mScreenTimeout_Once=-1 mScreenTimeout_Always=-1 mScreenTimeout_System=60000
  mTemporaryScreenBrightnessSettingOverride=-1
  mTemporaryScreenAutoBrightnessAdjustmentSettingOverride=NaN
  mScreenBrightnessSettingMinimum=10
  mScreenBrightnessSettingMaximum=255
  mScreenBrightnessSettingDefault=102
  mScreenAutoBrightnessPercentageSetting=3
  mScreenAutoBrightnessPercentageSettingDefault=100
  mTemporaryScreenAutoBrightnessPercentageSettingOverride=-1

Screen off timeout: 45000 ms
Screen dim duration: 7000 ms

Wake Locks: size=1
  SCREEN_BRIGHT_WAKE_LOCK        'WindowManager' ON_AFTER_RELEASE (uid=1000, pid=719, ws=WorkSource{10347})

HtcCpuCtrls: size=0
  mCpuFreqMinCount=0
  mCpuFreqMaxCount=0
  mCpuNumMinCount=0
  mCpuNumMaxCount=0

Suspend Blockers: size=5
  PowerManagerService.WakeLocks: ref count=1
  PowerManagerService.OOBE: ref count=0
  PowerManagerService.Display: ref count=1
  PowerManagerService.Broadcasts: ref count=0
  PowerManagerService.WirelessChargerDetector: ref count=0

Screen On Blocker: held=false, mNestCount=0

Display Blanker: blanked=false

Display Controller Locked State:
  mDisplayReadyLocked=true
  mPendingRequestLocked=screenState=2, useProximitySensor=false, screenBrightness=102, screenAutoBrightnessAdjustment=0.0, useAutoBrightness=true, useOverrideBrightness=false, forceScreenOn=false, screenAutoBrightnessPercentage=3, delayScreenOn=false, turnOnScreenOnce=false, blockScreenOn=false
  mPendingRequestChangedLocked=false
  mPendingWaitForNegativeProximityLocked=false
  mPendingUpdatePowerStateLocked=false

Display Controller Configuration:
  mScreenBrightnessDimConfig=10
  mScreenBrightnessRangeMinimum=10
  mScreenBrightnessRangeMaximum=255
  mUseSoftwareAutoBrightnessConfig=true
  mScreenAutoBrightnessSpline=[(0.0, 0.11764706: 0.007130125), (11.0, 0.19607843: 0.0), (41.0, 0.19607843: 0.0), (91.0, 0.31764707: 0.0020560224), (161.0, 0.43529412: 0.0017754795), (226.0, 0.5568628: 0.0015130588), (321.0, 0.6666667: 7.556114E-4), (641.0, 0.78039217: 2.6348038E-4), (1281.0, 0.8901961: 1.273767E-4), (2601.0, 1.0: 8.318479E-5)]
  mLightSensorWarmUpTimeConfig=0

Display Controller Thread State:
  mPowerRequest=screenState=2, useProximitySensor=false, screenBrightness=102, screenAutoBrightnessAdjustment=0.0, useAutoBrightness=true, useOverrideBrightness=false, forceScreenOn=false, screenAutoBrightnessPercentage=3, delayScreenOn=false, turnOnScreenOnce=false, blockScreenOn=false
  mWaitingForNegativeProximity=false
  mProximitySensor={Sensor name="CM36282 Proximity sensor", vendor="Capella Microsystems", version=1, type=8, maxRange=9.0, resolution=9.0, power=0.18, minDelay=0}
  mProximitySensorEnabled=false
  mProximityThreshold=5.0
  mProximity=Unknown
  mPendingProximity=Unknown
  mPendingProximityDebounceTime=-1 (607486550 ms ago)
  mScreenOffBecauseOfProximity=false
  mLightSensor={Sensor name="CM36282 Light sensor", vendor="Capella Microsystems", version=1, type=5, maxRange=10240.0, resolution=1.0, power=0.15, minDelay=0}
  mLightSensorEnabled=true
  mLightSensorEnableTime=606942964 (543585 ms ago)
  mAmbientLux=320.0
  mAmbientLuxValid=true
  mLastObservedLux=320.0
  mLastObservedLuxTime=606943372 (543178 ms ago)
  mRecentLightSamples=1
  mRecentShortTermAverageLux=320.0
  mRecentLongTermAverageLux=320.0
  mDebounceLuxDirection=0
  mDebounceLuxTime=606943372 (543178 ms ago)
  mScreenAutoBrightness=142
  mUsingScreenAutoBrightness=true
  mLastScreenAutoBrightnessGamma=1.0
  mTwilight.getCurrentState()={TwilightState: isNight=false, mYesterdaySunset=Apr 18, 2015 8:17:42 PM, mTodaySunrise=Apr 19, 2015 6:11:30 AM, mTodaySunset=Apr 19, 2015 8:18:36 PM, mTomorrowSunrise=Apr 20, 2015 6:10:11 AM}
  mElectronBeamOnAnimator.isStarted()=false
  mElectronBeamOffAnimator.isStarted()=false

Display Power State:
  mScreenOn=true
  mScreenBrightness=73
  mScreenReady=true
  mScreenUpdatePending=false
  mElectronBeamPrepared=false
  mElectronBeamLevel=1.0
  mElectronBeamReady=true
  mElectronBeamDrawPending=false

Photonic Modulator State:
  mPendingOn=true
  mPendingBacklight=73
  mActualOn=true
  mActualBacklight=73
  mChangeInProgress=false
  mCurrentButtonValue=0

Electron Beam State:
  mPrepared=false
  mMode=0
  mDisplayLayerStack=0
  mDisplayWidth=0
  mDisplayHeight=0
  mSurfaceVisible=false
  mSurfaceAlpha=0.0

Wireless Charger Detector State:
  mGravitySensor={Sensor name="ST Gravity", vendor="ST Group Ltd.", version=1, type=9, maxRange=9.80665, resolution=0.15328126, power=0.2, minDelay=20000}
  mPoweredWirelessly=false
  mAtRest=false
  mRestX=0.0, mRestY=0.0, mRestZ=0.0
  mDetectionInProgress=false
  mDetectionStartTime=0 (never)
  mMustUpdateRestPosition=false
  mTotalSamples=0
  mMovingSamples=0
  mFirstSampleX=0.0, mFirstSampleY=0.0, mFirstSampleZ=0.0
  mLastSampleX=0.0, mLastSampleY=0.0, mLastSampleZ=0.0
shell@m7:/ $ 
shell@m7:/ $ 
shell@m7:/ $ shell@m7:/ $ dumpsys power                                                     
POWER MANAGER (dumpsys power)

Power Manager State:
  mDirty=0x0
  mWakefulness=Awake
  mIsPowered=true
  mPlugType=2
  mBatteryLevel=47
  mBatteryLevelWhenDreamStarted=0
  mDockState=0
  mStayOn=false
  mProximityPositive=false
  mBootCompleted=true
  mSystemReady=true
  mWakeLockSummary=0x23
  mUserActivitySummary=0x0
  mRequestWaitForNegativeProximity=false
  mSandmanScheduled=false
  mLastWakeTime=606942951 (547352 ms ago)
  mLastSleepTime=606711878 (778425 ms ago)
  mSendWakeUpFinishedNotificationWhenReady=false
  mSendGoToSleepFinishedNotificationWhenReady=false
  mLastUserActivityTime=607360855 (129448 ms ago)
  mLastUserActivityTimeNoChangeLights=607353415 (136889 ms ago)
  mDisplayReady=true
  mHoldingWakeLockSuspendBlocker=true
  mHoldingOOBESuspendBlocker=false
  mHoldingDisplaySuspendBlocker=true

Settings and Configuration:
  mWakeUpWhenPluggedOrUnpluggedConfig=false
  mSuspendWhenScreenOffDueToProximityConfig=true
  mDreamsSupportedConfig=true
  mDreamsEnabledByDefaultConfig=true
  mDreamsActivatedOnSleepByDefaultConfig=false
  mDreamsActivatedOnDockByDefaultConfig=true
  mDreamsEnabledSetting=true
  mDreamsActivateOnSleepSetting=false
  mDreamsActivateOnDockSetting=true
  mScreenOffTimeoutSetting=45000
  mMaximumScreenOffTimeoutFromDeviceAdmin=2147483647 (enforced=false)
  mStayOnWhilePluggedInSetting=0
  mScreenBrightnessSetting=255
  mScreenAutoBrightnessAdjustmentSetting=0.0
  mScreenBrightnessModeSetting=1
  mScreenBrightnessOverrideFromWindowManager=-1
  mUserActivityTimeoutOverrideFromWindowManager=-1
  mScreenTimeout_Once=-1 mScreenTimeout_Always=-1 mScreenTimeout_System=60000
  mTemporaryScreenBrightnessSettingOverride=-1
  mTemporaryScreenAutoBrightnessAdjustmentSettingOverride=NaN
  mScreenBrightnessSettingMinimum=10
  mScreenBrightnessSettingMaximum=255
  mScreenBrightnessSettingDefault=102
  mScreenAutoBrightnessPercentageSetting=3
  mScreenAutoBrightnessPercentageSettingDefault=100
  mTemporaryScreenAutoBrightnessPercentageSettingOverride=-1

Screen off timeout: 45000 ms
Screen dim duration: 7000 ms

Wake Locks: size=1
  SCREEN_BRIGHT_WAKE_LOCK        'WindowManager' ON_AFTER_RELEASE (uid=1000, pid=719, ws=WorkSource{10347})

HtcCpuCtrls: size=0
  mCpuFreqMinCount=0
  mCpuFreqMaxCount=0
  mCpuNumMinCount=0
  mCpuNumMaxCount=0

Suspend Blockers: size=5
  PowerManagerService.WakeLocks: ref count=1
  PowerManagerService.OOBE: ref count=0
  PowerManagerService.Display: ref count=1
  PowerManagerService.Broadcasts: ref count=0
  PowerManagerService.WirelessChargerDetector: ref count=0

Screen On Blocker: held=false, mNestCount=0

Display Blanker: blanked=false

Display Controller Locked State:
  mDisplayReadyLocked=true
  mPendingRequestLocked=screenState=2, useProximitySensor=false, screenBrightness=102, screenAutoBrightnessAdjustment=0.0, useAutoBrightness=true, useOverrideBrightness=false, forceScreenOn=false, screenAutoBrightnessPercentage=3, delayScreenOn=false, turnOnScreenOnce=false, blockScreenOn=false
  mPendingRequestChangedLocked=false
  mPendingWaitForNegativeProximityLocked=false
  mPendingUpdatePowerStateLocked=false

Display Controller Configuration:
  mScreenBrightnessDimConfig=10
  mScreenBrightnessRangeMinimum=10
  mScreenBrightnessRangeMaximum=255
  mUseSoftwareAutoBrightnessConfig=true
  mScreenAutoBrightnessSpline=[(0.0, 0.11764706: 0.007130125), (11.0, 0.19607843: 0.0), (41.0, 0.19607843: 0.0), (91.0, 0.31764707: 0.0020560224), (161.0, 0.43529412: 0.0017754795), (226.0, 0.5568628: 0.0015130588), (321.0, 0.6666667: 7.556114E-4), (641.0, 0.78039217: 2.6348038E-4), (1281.0, 0.8901961: 1.273767E-4), (2601.0, 1.0: 8.318479E-5)]
  mLightSensorWarmUpTimeConfig=0

Display Controller Thread State:
  mPowerRequest=screenState=2, useProximitySensor=false, screenBrightness=102, screenAutoBrightnessAdjustment=0.0, useAutoBrightness=true, useOverrideBrightness=false, forceScreenOn=false, screenAutoBrightnessPercentage=3, delayScreenOn=false, turnOnScreenOnce=false, blockScreenOn=false
  mWaitingForNegativeProximity=false
  mProximitySensor={Sensor name="CM36282 Proximity sensor", vendor="Capella Microsystems", version=1, type=8, maxRange=9.0, resolution=9.0, power=0.18, minDelay=0}
  mProximitySensorEnabled=false
  mProximityThreshold=5.0
  mProximity=Unknown
  mPendingProximity=Unknown
  mPendingProximityDebounceTime=-1 (607490327 ms ago)
  mScreenOffBecauseOfProximity=false
  mLightSensor={Sensor name="CM36282 Light sensor", vendor="Capella Microsystems", version=1, type=5, maxRange=10240.0, resolution=1.0, power=0.15, minDelay=0}
  mLightSensorEnabled=true
  mLightSensorEnableTime=606942964 (547362 ms ago)
  mAmbientLux=320.0
  mAmbientLuxValid=true
  mLastObservedLux=320.0
  mLastObservedLuxTime=606943372 (546954 ms ago)
  mRecentLightSamples=1
  mRecentShortTermAverageLux=320.0
  mRecentLongTermAverageLux=320.0
  mDebounceLuxDirection=0
  mDebounceLuxTime=606943372 (546955 ms ago)
  mScreenAutoBrightness=142
  mUsingScreenAutoBrightness=true
  mLastScreenAutoBrightnessGamma=1.0
  mTwilight.getCurrentState()={TwilightState: isNight=false, mYesterdaySunset=Apr 18, 2015 8:17:42 PM, mTodaySunrise=Apr 19, 2015 6:11:30 AM, mTodaySunset=Apr 19, 2015 8:18:36 PM, mTomorrowSunrise=Apr 20, 2015 6:10:11 AM}
  mElectronBeamOnAnimator.isStarted()=false
  mElectronBeamOffAnimator.isStarted()=false

Display Power State:
  mScreenOn=true
  mScreenBrightness=73
  mScreenReady=true
  mScreenUpdatePending=false
  mElectronBeamPrepared=false
  mElectronBeamLevel=1.0
  mElectronBeamReady=true
  mElectronBeamDrawPending=false

Photonic Modulator State:
  mPendingOn=true
  mPendingBacklight=73
  mActualOn=true
  mActualBacklight=73
  mChangeInProgress=false
  mCurrentButtonValue=0

Electron Beam State:
  mPrepared=false
  mMode=0
  mDisplayLayerStack=0
  mDisplayWidth=0
  mDisplayHeight=0
  mSurfaceVisible=false
  mSurfaceAlpha=0.0

Wireless Charger Detector State:
  mGravitySensor={Sensor name="ST Gravity", vendor="ST Group Ltd.", version=1, type=9, maxRange=9.80665, resolution=0.15328126, power=0.2, minDelay=20000}
  mPoweredWirelessly=false
  mAtRest=false
  mRestX=0.0, mRestY=0.0, mRestZ=0.0
  mDetectionInProgress=false
  mDetectionStartTime=0 (never)
  mMustUpdateRestPosition=false
  mTotalSamples=0
  mMovingSamples=0
  mFirstSampleX=0.0, mFirstSampleY=0.0, mFirstSampleZ=0.0
  mLastSampleX=0.0, mLastSampleY=0.0, mLastSampleZ=0.0
shell@m7:/ $ shell@m7:/ $ dumpsys power                                                     
POWER MANAGER (dumpsys power)

Power Manager State:
  mDirty=0x0
  mWakefulness=Awake
  mIsPowered=true
  mPlugType=2
  mBatteryLevel=47
  mBatteryLevelWhenDreamStarted=0
  mDockState=0
  mStayOn=false
  mProximityPositive=false
  mBootCompleted=true
  mSystemReady=true
  mWakeLockSummary=0x23
  mUserActivitySummary=0x0
  mRequestWaitForNegativeProximity=false
  mSandmanScheduled=false
  mLastWakeTime=606942951 (548121 ms ago)
  mLastSleepTime=606711878 (779194 ms ago)
  mSendWakeUpFinishedNotificationWhenReady=false
  mSendGoToSleepFinishedNotificationWhenReady=false
  mLastUserActivityTime=607360855 (130217 ms ago)
  mLastUserActivityTimeNoChangeLights=607353415 (137657 ms ago)
  mDisplayReady=true
  mHoldingWakeLockSuspendBlocker=true
  mHoldingOOBESuspendBlocker=false
  mHoldingDisplaySuspendBlocker=true

Settings and Configuration:
  mWakeUpWhenPluggedOrUnpluggedConfig=false
  mSuspendWhenScreenOffDueToProximityConfig=true
  mDreamsSupportedConfig=true
  mDreamsEnabledByDefaultConfig=true
  mDreamsActivatedOnSleepByDefaultConfig=false
  mDreamsActivatedOnDockByDefaultConfig=true
  mDreamsEnabledSetting=true
  mDreamsActivateOnSleepSetting=false
  mDreamsActivateOnDockSetting=true
  mScreenOffTimeoutSetting=45000
  mMaximumScreenOffTimeoutFromDeviceAdmin=2147483647 (enforced=false)
  mStayOnWhilePluggedInSetting=0
  mScreenBrightnessSetting=255
  mScreenAutoBrightnessAdjustmentSetting=0.0
  mScreenBrightnessModeSetting=1
  mScreenBrightnessOverrideFromWindowManager=-1
  mUserActivityTimeoutOverrideFromWindowManager=-1
  mScreenTimeout_Once=-1 mScreenTimeout_Always=-1 mScreenTimeout_System=60000
  mTemporaryScreenBrightnessSettingOverride=-1
  mTemporaryScreenAutoBrightnessAdjustmentSettingOverride=NaN
  mScreenBrightnessSettingMinimum=10
  mScreenBrightnessSettingMaximum=255
  mScreenBrightnessSettingDefault=102
  mScreenAutoBrightnessPercentageSetting=3
  mScreenAutoBrightnessPercentageSettingDefault=100
  mTemporaryScreenAutoBrightnessPercentageSettingOverride=-1

Screen off timeout: 45000 ms
Screen dim duration: 7000 ms

Wake Locks: size=1
  SCREEN_BRIGHT_WAKE_LOCK        'WindowManager' ON_AFTER_RELEASE (uid=1000, pid=719, ws=WorkSource{10347})

HtcCpuCtrls: size=0
  mCpuFreqMinCount=0
  mCpuFreqMaxCount=0
  mCpuNumMinCount=0
  mCpuNumMaxCount=0

Suspend Blockers: size=5
  PowerManagerService.WakeLocks: ref count=1
  PowerManagerService.OOBE: ref count=0
  PowerManagerService.Display: ref count=1
  PowerManagerService.Broadcasts: ref count=0
  PowerManagerService.WirelessChargerDetector: ref count=0

Screen On Blocker: held=false, mNestCount=0

Display Blanker: blanked=false

Display Controller Locked State:
  mDisplayReadyLocked=true
  mPendingRequestLocked=screenState=2, useProximitySensor=false, screenBrightness=102, screenAutoBrightnessAdjustment=0.0, useAutoBrightness=true, useOverrideBrightness=false, forceScreenOn=false, screenAutoBrightnessPercentage=3, delayScreenOn=false, turnOnScreenOnce=false, blockScreenOn=false
  mPendingRequestChangedLocked=false
  mPendingWaitForNegativeProximityLocked=false
  mPendingUpdatePowerStateLocked=false

Display Controller Configuration:
  mScreenBrightnessDimConfig=10
  mScreenBrightnessRangeMinimum=10
  mScreenBrightnessRangeMaximum=255
  mUseSoftwareAutoBrightnessConfig=true
  mScreenAutoBrightnessSpline=[(0.0, 0.11764706: 0.007130125), (11.0, 0.19607843: 0.0), (41.0, 0.19607843: 0.0), (91.0, 0.31764707: 0.0020560224), (161.0, 0.43529412: 0.0017754795), (226.0, 0.5568628: 0.0015130588), (321.0, 0.6666667: 7.556114E-4), (641.0, 0.78039217: 2.6348038E-4), (1281.0, 0.8901961: 1.273767E-4), (2601.0, 1.0: 8.318479E-5)]
  mLightSensorWarmUpTimeConfig=0

Display Controller Thread State:
  mPowerRequest=screenState=2, useProximitySensor=false, screenBrightness=102, screenAutoBrightnessAdjustment=0.0, useAutoBrightness=true, useOverrideBrightness=false, forceScreenOn=false, screenAutoBrightnessPercentage=3, delayScreenOn=false, turnOnScreenOnce=false, blockScreenOn=false
  mWaitingForNegativeProximity=false
  mProximitySensor={Sensor name="CM36282 Proximity sensor", vendor="Capella Microsystems", version=1, type=8, maxRange=9.0, resolution=9.0, power=0.18, minDelay=0}
  mProximitySensorEnabled=false
  mProximityThreshold=5.0
  mProximity=Unknown
  mPendingProximity=Unknown
  mPendingProximityDebounceTime=-1 (607491078 ms ago)
  mScreenOffBecauseOfProximity=false
  mLightSensor={Sensor name="CM36282 Light sensor", vendor="Capella Microsystems", version=1, type=5, maxRange=10240.0, resolution=1.0, power=0.15, minDelay=0}
  mLightSensorEnabled=true
  mLightSensorEnableTime=606942964 (548113 ms ago)
  mAmbientLux=320.0
  mAmbientLuxValid=true
  mLastObservedLux=320.0
  mLastObservedLuxTime=606943372 (547705 ms ago)
  mRecentLightSamples=1
  mRecentShortTermAverageLux=320.0
  mRecentLongTermAverageLux=320.0
  mDebounceLuxDirection=0
  mDebounceLuxTime=606943372 (547705 ms ago)
  mScreenAutoBrightness=142
  mUsingScreenAutoBrightness=true
  mLastScreenAutoBrightnessGamma=1.0
  mTwilight.getCurrentState()={TwilightState: isNight=false, mYesterdaySunset=Apr 18, 2015 8:17:42 PM, mTodaySunrise=Apr 19, 2015 6:11:30 AM, mTodaySunset=Apr 19, 2015 8:18:36 PM, mTomorrowSunrise=Apr 20, 2015 6:10:11 AM}
  mElectronBeamOnAnimator.isStarted()=false
  mElectronBeamOffAnimator.isStarted()=false

Display Power State:
  mScreenOn=true
  mScreenBrightness=73
  mScreenReady=true
  mScreenUpdatePending=false
  mElectronBeamPrepared=false
  mElectronBeamLevel=1.0
  mElectronBeamReady=true
  mElectronBeamDrawPending=false

Photonic Modulator State:
  mPendingOn=true
  mPendingBacklight=73
  mActualOn=true
  mActualBacklight=73
  mChangeInProgress=false
  mCurrentButtonValue=0

Electron Beam State:
  mPrepared=false
  mMode=0
  mDisplayLayerStack=0
  mDisplayWidth=0
  mDisplayHeight=0
  mSurfaceVisible=false
  mSurfaceAlpha=0.0

Wireless Charger Detector State:
  mGravitySensor={Sensor name="ST Gravity", vendor="ST Group Ltd.", version=1, type=9, maxRange=9.80665, resolution=0.15328126, power=0.2, minDelay=20000}
  mPoweredWirelessly=false
  mAtRest=false
  mRestX=0.0, mRestY=0.0, mRestZ=0.0
  mDetectionInProgress=false
  mDetectionStartTime=0 (never)
  mMustUpdateRestPosition=false
  mTotalSamples=0
  mMovingSamples=0
  mFirstSampleX=0.0, mFirstSampleY=0.0, mFirstSampleZ=0.0
  mLastSampleX=0.0, mLastSampleY=0.0, mLastSampleZ=0.0
shell@m7:/ $ 
shell@m7:/ $ 
shell@m7:/ $ 
shell@m7:/ $ =============NAVIGATION PON   ON===========
/system/bin/sh: =============NAVIGATION: not found
127|shell@m7:/ $ 
127|shell@m7:/ $ 
127|shell@m7:/ $ 
127|shell@m7:/ $ 
127|shell@m7:/ $ 127|shell@m7:/ $ =============NAVIGATION ON===========                         127|shell@m7:/ $ dumpsys power                                                 127|shell@m7:/ $ dumpsys pwoer                                                 127|shell@m7:/ $ dumpsys meminfo                                               127|shell@m7:/ $ dumpsys cpuinfo                                               127|shell@m7:/ $ dumpsys meminfo                                               
Applications Memory Usage (kB):
Uptime: 607558904 Realtime: 1101821902

Total PSS by process:
   132050 kB: mediaserver (pid 268)
   114930 kB: net.osmand.plus (pid 6715 / activities)
   114646 kB: com.htc.launcher (pid 1307 / activities)
    67623 kB: system (pid 719)
    59515 kB: com.android.systemui (pid 1075)
    48687 kB: com.google.android.tts (pid 8410)
    46630 kB: android.process.media (pid 23730)
    44420 kB: com.facebook.katana (pid 31761)
    35821 kB: memlock (pid 278)
    35182 kB: com.avast.android.mobilesecurity (pid 12921)
    34512 kB: com.google.android.gms (pid 11047)
    31856 kB: com.google.android.apps.plus (pid 5623)
    30494 kB: com.google.process.location (pid 1294)
    30190 kB: com.facebook.orca (pid 30951)
    29446 kB: com.cleanmaster.mguard:service (pid 32724)
    26673 kB: com.htc.htcdialer (pid 31652)
    24629 kB: com.cleanmaster.security:DefendService (pid 5146)
    24064 kB: com.twitter.android (pid 6984)
    22883 kB: com.google.process.gapps (pid 20698)
    22440 kB: com.whatsapp (pid 31534)
    21757 kB: android.process.acore (pid 13532)
    21523 kB: com.htc.sense.ime (pid 1206)
    19653 kB: com.cleanmaster.mguard (pid 7341)
    19138 kB: com.android.phone (pid 1223 / activities)
    17653 kB: com.android.vending (pid 20316)
    15906 kB: com.htc.sense.hsp (pid 11573)
    15273 kB: com.google.android.googlequicksearchbox:search (pid 7451)
    12829 kB: com.pandora.android (pid 30301)
    12480 kB: com.shazam.android (pid 7307)
    12394 kB: com.google.android.talk (pid 7173)
    10734 kB: com.beatsmusic.android.client (pid 5285)
     9853 kB: com.google.android.music:main (pid 12124)
     9837 kB: com.skyfire.browser.toolbar.att (pid 11795)
     9760 kB: com.google.android.apps.maps (pid 7095)
     9484 kB: com.mobstac.thehindu (pid 13104)
     9421 kB: com.android.bluetooth (pid 30142)
     8649 kB: com.google.android.gms.unstable (pid 7802)
     8450 kB: com.android.nfc (pid 1244)
     7967 kB: com.synchronoss.dcs.att.r2g (pid 12282)
     7753 kB: com.android.settings (pid 7505)
     7719 kB: com.transloc.android.rider:RiderService (pid 20257)
     7403 kB: com.google.android.apps.magazines (pid 7031)
     7383 kB: com.att.android.mobile.attmessages (pid 11587)
     7140 kB: com.isis.mclient.atnt.activity (pid 1353)
     7082 kB: tm.app.worldClock (pid 7767)
     6785 kB: com.google.android.gms.wearable (pid 27331)
     6659 kB: com.wildtangent.android (pid 12344)
     6603 kB: com.wavemarket.waplauncher (pid 7151)
     6024 kB: zygote (pid 266)
     5715 kB: org.simalliance.openmobileapi.service:remote (pid 1387)
     5332 kB: com.htc.bgp (pid 7546)
     4672 kB: com.transloc.android (pid 7246)
     4386 kB: com.matchboxmobile.wisp (pid 12006)
     3995 kB: com.htc.bluetooth.le.profiles (pid 30204)
     3990 kB: com.futuredial:FdbtService (pid 5452)
     3988 kB: surfaceflinger (pid 254)
     3803 kB: com.ninegag.android.app (pid 7291)
     3796 kB: netd (pid 262)
     3583 kB: com.android.settings:remote (pid 7530)
     3551 kB: com.gaana (pid 7268)
     3235 kB: com.android.chrome (pid 7217)
     3192 kB: com.ted.android (pid 7232)
     2640 kB: rild (pid 253)
     2474 kB: com.google.android.partnersetup (pid 7485)
     2103 kB: drmserver (pid 267)
     1762 kB: sdcard (pid 313)
     1730 kB: mm-qcamera-daemon (pid 312)
     1142 kB: pnpmgr (pid 256)
     1064 kB: ks (pid 25573)
      926 kB: wpa_supplicant (pid 25795)
      828 kB: debuggerd (pid 265)
      578 kB: DxDrmServerIpc (pid 280)
      497 kB: /init (pid 1)
      471 kB: netmgrd (pid 260)
      434 kB: thermald (pid 257)
      419 kB: vold (pid 252)
      367 kB: keystore (pid 275)
      318 kB: qmuxd (pid 259)
      311 kB: dumpsys (pid 8556)
      282 kB: cand (pid 283)
      281 kB: ueventd (pid 188)
      255 kB: sh (pid 27577)
      230 kB: logcat2 (pid 706)
      229 kB: qseecomd (pid 501)
      208 kB: adbd (pid 27180)
      202 kB: installd (pid 269)
      198 kB: htc_ebdlogd (pid 317)
      194 kB: mpdecision (pid 255)
      190 kB: akmd (pid 282)
      181 kB: cryptobox_server (pid 315)
      173 kB: clockd (pid 279)
      148 kB: healthd (pid 249)
      130 kB: dumpstate (pid 276)
      130 kB: dumpstate (pid 277)
      121 kB: servicemanager (pid 251)
      112 kB: qcks (pid 258)
      102 kB: kwatchdog (pid 5206)
       99 kB: qseecomd (pid 281)
       76 kB: tpd (pid 261)
       36 kB: efsks (pid 855)

Total PSS by OOM adjustment:
   200846 kB: Native
              132050 kB: mediaserver (pid 268)
               35821 kB: memlock (pid 278)
                6024 kB: zygote (pid 266)
                3988 kB: surfaceflinger (pid 254)
                3796 kB: netd (pid 262)
                2640 kB: rild (pid 253)
                2103 kB: drmserver (pid 267)
                1762 kB: sdcard (pid 313)
                1730 kB: mm-qcamera-daemon (pid 312)
                1142 kB: pnpmgr (pid 256)
                1064 kB: ks (pid 25573)
                 926 kB: wpa_supplicant (pid 25795)
                 828 kB: debuggerd (pid 265)
                 578 kB: DxDrmServerIpc (pid 280)
                 497 kB: /init (pid 1)
                 471 kB: netmgrd (pid 260)
                 434 kB: thermald (pid 257)
                 419 kB: vold (pid 252)
                 367 kB: keystore (pid 275)
                 318 kB: qmuxd (pid 259)
                 311 kB: dumpsys (pid 8556)
                 282 kB: cand (pid 283)
                 281 kB: ueventd (pid 188)
                 255 kB: sh (pid 27577)
                 230 kB: logcat2 (pid 706)
                 229 kB: qseecomd (pid 501)
                 208 kB: adbd (pid 27180)
                 202 kB: installd (pid 269)
                 198 kB: htc_ebdlogd (pid 317)
                 194 kB: mpdecision (pid 255)
                 190 kB: akmd (pid 282)
                 181 kB: cryptobox_server (pid 315)
                 173 kB: clockd (pid 279)
                 148 kB: healthd (pid 249)
                 130 kB: dumpstate (pid 276)
                 130 kB: dumpstate (pid 277)
                 121 kB: servicemanager (pid 251)
                 112 kB: qcks (pid 258)
                 102 kB: kwatchdog (pid 5206)
                  99 kB: qseecomd (pid 281)
                  76 kB: tpd (pid 261)
                  36 kB: efsks (pid 855)
    67623 kB: System
               67623 kB: system (pid 719)
   113776 kB: Persistent
               59515 kB: com.android.systemui (pid 1075)
               26673 kB: com.htc.htcdialer (pid 31652)
               19138 kB: com.android.phone (pid 1223 / activities)
                8450 kB: com.android.nfc (pid 1244)
   114930 kB: Foreground
              114930 kB: net.osmand.plus (pid 6715 / activities)
   124340 kB: Visible
               48687 kB: com.google.android.tts (pid 8410)
               30494 kB: com.google.process.location (pid 1294)
               22883 kB: com.google.process.gapps (pid 20698)
                9421 kB: com.android.bluetooth (pid 30142)
                7140 kB: com.isis.mclient.atnt.activity (pid 1353)
                5715 kB: org.simalliance.openmobileapi.service:remote (pid 1387)
    92782 kB: Perceptible
               46630 kB: android.process.media (pid 23730)
               24629 kB: com.cleanmaster.security:DefendService (pid 5146)
               21523 kB: com.htc.sense.ime (pid 1206)
   114646 kB: Home
              114646 kB: com.htc.launcher (pid 1307 / activities)
   135594 kB: A Services
               35182 kB: com.avast.android.mobilesecurity (pid 12921)
               34512 kB: com.google.android.gms (pid 11047)
               29446 kB: com.cleanmaster.mguard:service (pid 32724)
               15906 kB: com.htc.sense.hsp (pid 11573)
               12829 kB: com.pandora.android (pid 30301)
                7719 kB: com.transloc.android.rider:RiderService (pid 20257)
   178123 kB: B Services
               44420 kB: com.facebook.katana (pid 31761)
               30190 kB: com.facebook.orca (pid 30951)
               22440 kB: com.whatsapp (pid 31534)
               10734 kB: com.beatsmusic.android.client (pid 5285)
                9853 kB: com.google.android.music:main (pid 12124)
                9837 kB: com.skyfire.browser.toolbar.att (pid 11795)
                9484 kB: com.mobstac.thehindu (pid 13104)
                7967 kB: com.synchronoss.dcs.att.r2g (pid 12282)
                7383 kB: com.att.android.mobile.attmessages (pid 11587)
                6785 kB: com.google.android.gms.wearable (pid 27331)
                6659 kB: com.wildtangent.android (pid 12344)
                4386 kB: com.matchboxmobile.wisp (pid 12006)
                3995 kB: com.htc.bluetooth.le.profiles (pid 30204)
                3990 kB: com.futuredial:FdbtService (pid 5452)
   232222 kB: Cached
               31856 kB: com.google.android.apps.plus (pid 5623)
               24064 kB: com.twitter.android (pid 6984)
               21757 kB: android.process.acore (pid 13532)
